]0;~/Documents/Melbourne Uni/Programs/blogdown_test/zorro/zorro[?1034h6300L-127771-M:zorro malishev$ [K6300L-127771-M:zorro malishev$ git init
Initialized empty Git repository in /Users/malishev/Documents/Melbourne Uni/Programs/blogdown_test/zorro/zorro/.git/
]0;~/Documents/Melbourne Uni/Programs/blogdown_test/zorro/zorro6300L-127771-M:zorro malishev$ pwd
/Users/malishev/Documents/Melbourne Uni/Programs/blogdown_test/zorro/zorro
]0;~/Documents/Melbourne Uni/Programs/blogdown_test/zorro/zorro6300L-127771-M:zorro malishev$ git add .
]0;~/Documents/Melbourne Uni/Programs/blogdown_test/zorro/zorro6300L-127771-M:zorro malishev$ git co[K[Kcommit -m '' [A[C[C[C[C[C[C[C[C[C[C[C[C[C[C[C[C[C[C[C[C[C[C[C[C[C[C[C[C[C[C[C[C[C[C[C[C[C[C[C[C[C[C[C[C[C[Cs''i't'e' 'i'n'i't'
[master (root-commit) 3279c00] site init
 84 files changed, 3133 insertions(+)
 create mode 100644 .Rproj.user/ABE7B653/console06/6183A5A0
 create mode 100644 .Rproj.user/ABE7B653/console06/6183A5A0.env
 create mode 100644 .Rproj.user/ABE7B653/console06/INDEX001
 create mode 100644 .Rproj.user/ABE7B653/sources/prop/ADCCD592
 create mode 100644 .Rproj.user/ABE7B653/sources/prop/INDEX
 create mode 100644 .Rproj.user/ABE7B653/sources/s-D0BDBB21/1141DF61
 create mode 100644 .Rproj.user/ABE7B653/sources/s-D0BDBB21/1141DF61-contents
 create mode 100644 .Rproj.user/ABE7B653/sources/s-D0BDBB21/B1725DE
 create mode 100644 .Rproj.user/ABE7B653/sources/s-D0BDBB21/B1725DE-contents
 create mode 100644 .Rproj.user/ABE7B653/sources/s-D0BDBB21/lock_file
 create mode 100644 .Rproj.user/shared/notebooks/patch-chunk-names
 create mode 100644 config.toml
 create mode 100644 content/about.md
 create mode 100644 content/post/2015-01-01-lorem-ipsum.md
 create mode 100644 content/post/2015-07-23-r-rmarkdown.Rmd
 create mode 100644 content/post/2015-07-23-r-rmarkdown.html
 create mode 100644 content/post/2016-12-30-hello-markdown.md
 create mode 100644 index.Rmd
 create mode 100644 public/.gitkeep
 create mode 100644 public/2015/01/01/lorem-ipsum/index.html
 create mode 100644 public/2015/07/23/hello-r-markdown/index.html
 create mode 100644 public/2016/12/30/a-plain-markdown-post/index.html
 create mode 100644 public/about/index.html
 create mode 100644 public/categories/index.html
 create mode 100644 public/categories/index.xml
 create mode 100644 public/categories/r/index.html
 create mode 100644 public/categories/r/index.xml
 create mode 100644 public/css/fonts.css
 create mode 100644 public/css/main.css
 create mode 100644 public/favicon.ico
 create mode 100644 public/fonts/lato-v11-latin-regular.woff
 create mode 100644 public/fonts/lato-v11-latin-regular.woff2
 create mode 100644 public/fonts/merriweather-v13-latin-regular.woff
 create mode 100644 public/fonts/merriweather-v13-latin-regular.woff2
 create mode 100644 public/images/hugo-logo.png
 create mode 100644 public/images/logo.png
 create mode 100644 public/index.html
 create mode 100644 public/index.xml
 create mode 100644 public/js/math-code.js
 create mode 100644 public/post/2015-07-23-r-rmarkdown_files/figure-html/pie-1.png
 create mode 100644 public/post/index.html
 create mode 100644 public/post/index.xml
 create mode 100644 public/sitemap.xml
 create mode 100644 public/tags/index.html
 create mode 100644 public/tags/index.xml
 create mode 100644 public/tags/plot/index.html
 create mode 100644 public/tags/plot/index.xml
 create mode 100644 public/tags/r-markdown/index.html
 create mode 100644 public/tags/r-markdown/index.xml
 create mode 100644 public/tags/regression/index.html
 create mode 100644 public/tags/regression/index.xml
 create mode 100644 static/.gitkeep
 create mode 100644 static/post/2015-07-23-r-rmarkdown_files/figure-html/pie-1.png
 create mode 100644 themes/hugo-lithium/.gitignore
 create mode 100644 themes/hugo-lithium/LICENSE.md
 create mode 100644 themes/hugo-lithium/README.md
 create mode 100644 themes/hugo-lithium/archetypes/default.md
 create mode 100644 themes/hugo-lithium/exampleSite/config.toml
 create mode 100644 themes/hugo-lithium/exampleSite/content/about.md
 create mode 100644 themes/hugo-lithium/exampleSite/content/post/2015-01-01-lorem-ipsum.md
 create mode 100644 themes/hugo-lithium/exampleSite/content/post/2016-12-30-hello-markdown.md
 create mode 100644 themes/hugo-lithium/exampleSite/static/.gitkeep
 create mode 100644 themes/hugo-lithium/layouts/_default/list.html
 create mode 100644 themes/hugo-lithium/layouts/_default/single.html
 create mode 100644 themes/hugo-lithium/layouts/partials/disqus.html
 create mode 100644 themes/hugo-lithium/layouts/partials/footer.html
 create mode 100644 themes/hugo-lithium/layouts/partials/footer_highlightjs.html
 create mode 100644 themes/hugo-lithium/layouts/partials/footer_mathjax.html
 create mode 100644 themes/hugo-lithium/layouts/partials/head.html
 create mode 100644 themes/hugo-lithium/layouts/partials/head_custom.html
 create mode 100644 themes/hugo-lithium/layouts/partials/head_highlightjs.html
 create mode 100644 themes/hugo-lithium/layouts/partials/header.html
 create mode 100644 themes/hugo-lithium/layouts/partials/nav.html
 create mode 100644 themes/hugo-lithium/static/css/fonts.css
 create mode 100644 themes/hugo-lithium/static/css/main.css
 create mode 100644 themes/hugo-lithium/static/favicon.ico
 create mode 100644 themes/hugo-lithium/static/fonts/lato-v11-latin-regular.woff
 create mode 100644 themes/hugo-lithium/static/fonts/lato-v11-latin-regular.woff2
 create mode 100644 themes/hugo-lithium/static/fonts/merriweather-v13-latin-regular.woff
 create mode 100644 themes/hugo-lithium/static/fonts/merriweather-v13-latin-regular.woff2
 create mode 100644 themes/hugo-lithium/static/images/hugo-logo.png
 create mode 100644 themes/hugo-lithium/static/images/logo.png
 create mode 100644 themes/hugo-lithium/static/js/math-code.js
 create mode 100644 zorro.Rproj
]0;~/Documents/Melbourne Uni/Programs/blogdown_test/zorro/zorro6300L-127771-M:zorro malishev$ git push [K[K[K[K[Kset[K[K[Kremote set-u rl origin ''h't't'p's':'/'/'g'i't'h'u'b'.'c'o'm'/'d'a'r'w'i'n'a'n'd'd'a'v'i's'/'z' [A[C[C[C[C[C[C[C[C[C[C[C[C[C[C[C[C[C[C[C[C[C[C[C[C[C[C[C[C[C[C[C[C[C[C[C[C[C[C[C[C[C[C[C[C[Co''r'r'o'
fatal: No such remote 'origin'
]0;~/Documents/Melbourne Uni/Programs/blogdown_test/zorro/zorro6300L-127771-M:zorro malishev$ git remote set-urrl origin 'https://github.com/darwinanddavis/zorrro'[A[A[C[C[C[C[C[C[C[C[C[C[C[C[C[C[C[C[C[C[C[C[C[C[C[C[C[C[C[K
[K
[K[A[A[C[C[C[C[C[C[C[C[C[C[C[C[C[C[C[C[C[C[C[C[C[C[C[C[C[C[C[C[C[C[Cgit remote add p ro[K[K[A[C[C[C[C[C[C[C[C[C[C[C[C[C[C[C[C[C[C[C[C[C[C[C[C[C[C[C[C[C[C[C[C[C[C[C[C[C[C[C[C[C[C[C[C[C[C[K
[K[A[C[C[C[C[C[C[C[C[C[C[C[C[C[C[C[C[C[C[C[C[C[C[C[C[C[C[C[C[C[C[C[C[C[C[C[C[C[C[C[C[C[C[C[C[C[C[K o rigin ''h't't'p's':'/'/'g'i't'h'u'b'.'c'o'm'/'d'a'r'w'i'n'a'n'd'd'a'v'i's'/'z'o'r'r'o' [A[C[C[C[C[C[C[C[C[C[C[C[C[C[C[C[C[C[C[C[C[C[C[C[C[C[C[C[C[C[C[C[C[C[C[C[C[C[C[C[C[C[C[C[C[C

]0;~/Documents/Melbourne Uni/Programs/blogdown_test/zorro/zorro6300L-127771-M:zorro malishev$ git remote --v
origin	https://github.com/darwinanddavis/zorro (fetch)
origin	https://github.com/darwinanddavis/zorro (push)
]0;~/Documents/Melbourne Uni/Programs/blogdown_test/zorro/zorro6300L-127771-M:zorro malishev$ git push origin  master
Counting objects: 117, done.
Delta compression using up to 4 threads.
Compressing objects:   1% (1/93)   Compressing objects:   2% (2/93)   Compressing objects:   3% (3/93)   Compressing objects:   4% (4/93)   Compressing objects:   5% (5/93)   Compressing objects:   6% (6/93)   Compressing objects:   7% (7/93)   Compressing objects:   8% (8/93)   Compressing objects:   9% (9/93)   Compressing objects:  10% (10/93)   Compressing objects:  11% (11/93)   Compressing objects:  12% (12/93)   Compressing objects:  13% (13/93)   Compressing objects:  15% (14/93)   Compressing objects:  16% (15/93)   Compressing objects:  17% (16/93)   Compressing objects:  18% (17/93)   Compressing objects:  19% (18/93)   Compressing objects:  20% (19/93)   Compressing objects:  21% (20/93)   Compressing objects:  22% (21/93)   Compressing objects:  23% (22/93)   Compressing objects:  24% (23/93)   Compressing objects:  25% (24/93)   Compressing objects:  26% (25/93)   Compressing objects:  27% (26/93)   Compressing objects:  29% (27/93)   Compressing objects:  30% (28/93)   Compressing objects:  31% (29/93)   Compressing objects:  32% (30/93)   Compressing objects:  33% (31/93)   Compressing objects:  34% (32/93)   Compressing objects:  35% (33/93)   Compressing objects:  36% (34/93)   Compressing objects:  37% (35/93)   Compressing objects:  38% (36/93)   Compressing objects:  39% (37/93)   Compressing objects:  40% (38/93)   Compressing objects:  41% (39/93)   Compressing objects:  43% (40/93)   Compressing objects:  44% (41/93)   Compressing objects:  45% (42/93)   Compressing objects:  46% (43/93)   Compressing objects:  47% (44/93)   Compressing objects:  48% (45/93)   Compressing objects:  49% (46/93)   Compressing objects:  50% (47/93)   Compressing objects:  51% (48/93)   Compressing objects:  52% (49/93)   Compressing objects:  53% (50/93)   Compressing objects:  54% (51/93)   Compressing objects:  55% (52/93)   Compressing objects:  56% (53/93)   Compressing objects:  58% (54/93)   Compressing objects:  59% (55/93)   Compressing objects:  60% (56/93)   Compressing objects:  61% (57/93)   Compressing objects:  62% (58/93)   Compressing objects:  63% (59/93)   Compressing objects:  64% (60/93)   Compressing objects:  65% (61/93)   Compressing objects:  66% (62/93)   Compressing objects:  67% (63/93)   Compressing objects:  68% (64/93)   Compressing objects:  69% (65/93)   Compressing objects:  70% (66/93)   Compressing objects:  72% (67/93)   Compressing objects:  73% (68/93)   Compressing objects:  74% (69/93)   Compressing objects:  75% (70/93)   Compressing objects:  76% (71/93)   Compressing objects:  77% (72/93)   Compressing objects:  78% (73/93)   Compressing objects:  79% (74/93)   Compressing objects:  80% (75/93)   Compressing objects:  81% (76/93)   Compressing objects:  82% (77/93)   Compressing objects:  83% (78/93)   Compressing objects:  84% (79/93)   Compressing objects:  86% (80/93)   Compressing objects:  87% (81/93)   Compressing objects:  88% (82/93)   Compressing objects:  89% (83/93)   Compressing objects:  90% (84/93)   Compressing objects:  91% (85/93)   Compressing objects:  92% (86/93)   Compressing objects:  93% (87/93)   Compressing objects:  94% (88/93)   Compressing objects:  95% (89/93)   Compressing objects:  96% (90/93)   Compressing objects:  97% (91/93)   Compressing objects:  98% (92/93)   Compressing objects: 100% (93/93)   Compressing objects: 100% (93/93), done.
Writing objects:   0% (1/117)   Writing objects:   1% (2/117)   Writing objects:   2% (3/117)   Writing objects:   3% (4/117)   Writing objects:   4% (5/117)   Writing objects:   5% (6/117)   Writing objects:   6% (8/117)   Writing objects:   7% (9/117)   Writing objects:   8% (10/117)   Writing objects:   9% (11/117)   Writing objects:  10% (12/117)   Writing objects:  11% (13/117)   Writing objects:  12% (15/117)   Writing objects:  13% (16/117)   Writing objects:  14% (17/117)   Writing objects:  15% (18/117)   Writing objects:  16% (19/117)   Writing objects:  17% (20/117)   Writing objects:  19% (23/117)   Writing objects:  20% (24/117)   Writing objects:  21% (25/117)   Writing objects:  22% (26/117)   Writing objects:  23% (27/117)   Writing objects:  24% (29/117)   Writing objects:  25% (30/117)   Writing objects:  26% (31/117)   Writing objects:  27% (32/117)   Writing objects:  28% (33/117)   Writing objects:  29% (34/117)   Writing objects:  32% (38/117)   Writing objects:  33% (39/117)   Writing objects:  34% (40/117)   Writing objects:  35% (41/117)   Writing objects:  36% (43/117)   Writing objects:  37% (44/117)   Writing objects:  38% (45/117)   Writing objects:  39% (46/117)   Writing objects:  40% (47/117)   Writing objects:  41% (48/117)   Writing objects:  42% (50/117)   Writing objects:  44% (52/117)   Writing objects:  45% (53/117)   Writing objects:  47% (55/117)   Writing objects:  48% (57/117)   Writing objects:  49% (58/117)   Writing objects:  50% (59/117)   Writing objects:  51% (60/117)   Writing objects:  52% (61/117)   Writing objects:  53% (63/117)   Writing objects:  54% (64/117)   Writing objects:  55% (65/117)   Writing objects:  56% (66/117)   Writing objects:  57% (67/117)   Writing objects:  58% (68/117)   Writing objects:  59% (70/117)   Writing objects:  60% (71/117)   Writing objects:  61% (72/117)   Writing objects:  62% (73/117)   Writing objects:  63% (74/117)   Writing objects:  64% (75/117)   Writing objects:  65% (77/117)   Writing objects:  66% (78/117)   Writing objects:  67% (79/117)   Writing objects:  68% (80/117)   Writing objects:  69% (81/117)   Writing objects:  70% (82/117)   Writing objects:  71% (84/117)   Writing objects:  72% (85/117)   Writing objects:  73% (86/117)   Writing objects:  74% (87/117)   Writing objects:  75% (88/117)   Writing objects:  76% (89/117)   Writing objects:  77% (91/117)   Writing objects:  78% (92/117)   Writing objects:  79% (93/117)   Writing objects:  80% (94/117)   Writing objects:  81% (95/117)   Writing objects:  82% (96/117)   Writing objects:  83% (98/117)   Writing objects:  84% (99/117)   Writing objects:  85% (100/117)   Writing objects:  86% (101/117)   Writing objects:  87% (102/117)   Writing objects:  88% (103/117)   Writing objects:  89% (105/117)   Writing objects:  90% (106/117)   Writing objects:  91% (107/117)   Writing objects:  92% (108/117)   Writing objects:  93% (109/117)   Writing objects:  94% (110/117)   Writing objects:  95% (112/117)   Writing objects:  96% (113/117)   Writing objects:  97% (114/117)   Writing objects:  98% (115/117)   Writing objects:  99% (116/117)   Writing objects: 100% (117/117)   Writing objects: 100% (117/117), 180.23 KiB | 0 bytes/s, done.
Total 117 (delta 20), reused 0 (delta 0)
remote: Resolving deltas:   0% (0/20)[Kremote: Resolving deltas:   5% (1/20)[Kremote: Resolving deltas:  10% (2/20)[Kremote: Resolving deltas:  15% (3/20)[Kremote: Resolving deltas:  25% (5/20)[Kremote: Resolving deltas:  65% (13/20)[Kremote: Resolving deltas: 100% (20/20)[Kremote: Resolving deltas: 100% (20/20), done.[K
To https://github.com/darwinanddavis/zorro
 * [new branch]      master -> master
]0;~/Documents/Melbourne Uni/Programs/blogdown_test/zorro/zorro6300L-127771-M:zorro malishev$ ls
config.toml	static
content		themes
index.Rmd	zorro.Rproj
public
]0;~/Documents/Melbourne Uni/Programs/blogdown_test/zorro/zorro6300L-127771-M:zorro malishev$ git add .
]0;~/Documents/Melbourne Uni/Programs/blogdown_test/zorro/zorro6300L-127771-M:zorro malishev$ git push[K[K[K[Kcommit -m '' [A[C[C[C[C[C[C[C[C[C[C[C[C[C[C[C[C[C[C[C[C[C[C[C[C[C[C[C[C[C[C[C[C[C[C[C[C[C[C[C[C[C[C[C[C[C[Cd''e'l'e't'e'2'0'[1P'[1P' '2'0'1'5' 'f'o'l'd'e'r'
[master c16999f] delete 2015 folder
 12 files changed, 168 insertions(+), 16 deletions(-)
 create mode 100644 .Rproj.user/ABE7B653/sources/prop/7A29C853
 create mode 100644 .Rproj.user/ABE7B653/sources/prop/EAAA5AC
 create mode 100644 .Rproj.user/ABE7B653/sources/s-D0BDBB21/F5C8BC4E
 create mode 100644 .Rproj.user/ABE7B653/sources/s-D0BDBB21/F5C8BC4E-contents
 create mode 100644 .Rproj.user/shared/notebooks/62AC4EAF-index/1/ABE7B653D0BDBB21/chunks.json
 create mode 100644 .Rproj.user/shared/notebooks/62AC4EAF-index/1/s/chunks.json
 create mode 100644 .Rproj.user/shared/notebooks/paths
]0;~/Documents/Melbourne Uni/Programs/blogdown_test/zorro/zorro6300L-127771-M:zorro malishev$ git push[K[K[K[Kremoe [K[Kte --v
origin	https://github.com/darwinanddavis/zorro (fetch)
origin	https://github.com/darwinanddavis/zorro (push)
]0;~/Documents/Melbourne Uni/Programs/blogdown_test/zorro/zorro6300L-127771-M:zorro malishev$ git push
fatal: The current branch master has no upstream branch.
To push the current branch and set the remote as upstream, use

    git push --set-upstream origin master

]0;~/Documents/Melbourne Uni/Programs/blogdown_test/zorro/zorro6300L-127771-M:zorro malishev$ git push --setup [A[C[C[C[C[C[C[C[C[C[C[C[C[C[C[C[C[C[C[C[C[C[C[C[C[C[C[C[C[C[C[C[C[C[C[C[C[C[C[C[C[C[C[C[C[C[C[K
[K[A[C[C[C[C[C[C[C[C[C[C[C[C[C[C[C[C[C[C[C[C[C[C[C[C[C[C[C[C[C[C[C[C[C[C[C[C[C[C[C[C[C[C[C[C[C[C[K u pstr[K[K[K[K[A[C[C[C[C[C[C[C[C[C[C[C[C[C[C[C[C[C[C[C[C[C[C[C[C[C[C[C[C[C[C[C[C[C[C[C[C[C[C[C[C[C[C[C[C[C[C[K
[K[A[C[C[C[C[C[C[C[C[C[C[C[C[C[C[C[C[C[C[C[C[C[C[C[C[C[C[C[C[C[C[C[C[C[C[C[C[C[C[C[C[C[C[C[C[C[C[K-u pstream origin master
Counting objects: 23, done.
Delta compression using up to 4 threads.
Compressing objects:   5% (1/20)   Compressing objects:  10% (2/20)   Compressing objects:  15% (3/20)   Compressing objects:  20% (4/20)   Compressing objects:  25% (5/20)   Compressing objects:  30% (6/20)   Compressing objects:  35% (7/20)   Compressing objects:  40% (8/20)   Compressing objects:  45% (9/20)   Compressing objects:  50% (10/20)   Compressing objects:  55% (11/20)   Compressing objects:  60% (12/20)   Compressing objects:  65% (13/20)   Compressing objects:  70% (14/20)   Compressing objects:  75% (15/20)   Compressing objects:  80% (16/20)   Compressing objects:  85% (17/20)   Compressing objects:  90% (18/20)   Compressing objects:  95% (19/20)   Compressing objects: 100% (20/20)   Compressing objects: 100% (20/20), done.
Writing objects:   4% (1/23)   Writing objects:   8% (2/23)   Writing objects:  13% (3/23)   Writing objects:  17% (4/23)   Writing objects:  21% (5/23)   Writing objects:  26% (6/23)   Writing objects:  30% (7/23)   Writing objects:  34% (8/23)   Writing objects:  39% (9/23)   Writing objects:  43% (10/23)   Writing objects:  47% (11/23)   Writing objects:  52% (12/23)   Writing objects:  60% (14/23)   Writing objects:  65% (15/23)   Writing objects:  69% (16/23)   Writing objects:  73% (17/23)   Writing objects:  78% (18/23)   Writing objects:  82% (19/23)   Writing objects:  86% (20/23)   Writing objects:  91% (21/23)   Writing objects:  95% (22/23)   Writing objects: 100% (23/23)   Writing objects: 100% (23/23), 4.81 KiB | 0 bytes/s, done.
Total 23 (delta 4), reused 0 (delta 0)
remote: Resolving deltas:   0% (0/4)[Kremote: Resolving deltas:  25% (1/4)[Kremote: Resolving deltas:  50% (2/4)[Kremote: Resolving deltas: 100% (4/4)[Kremote: Resolving deltas: 100% (4/4), completed with 2 local objects.[K
To https://github.com/darwinanddavis/zorro
   3279c00..c16999f  master -> master
Branch master set up to track remote branch master from origin.
]0;~/Documents/Melbourne Uni/Programs/blogdown_test/zorro/zorro6300L-127771-M:zorro malishev$ open [K[K[K[K[Ktouch netfli[K[K[Klify.to ml
]0;~/Documents/Melbourne Uni/Programs/blogdown_test/zorro/zorro6300L-127771-M:zorro malishev$ open netlify.tomll 
No application knows how to open /Users/malishev/Documents/Melbourne Uni/Programs/blogdown_test/zorro/zorro/netlify.toml.
]0;~/Documents/Melbourne Uni/Programs/blogdown_test/zorro/zorro6300L-127771-M:zorro malishev$ git add [K[K[K[K[K[K[K[Kpwd
/Users/malishev/Documents/Melbourne Uni/Programs/blogdown_test/zorro/zorro
]0;~/Documents/Melbourne Uni/Programs/blogdown_test/zorro/zorro6300L-127771-M:zorro malishev$ git add .
]0;~/Documents/Melbourne Uni/Programs/blogdown_test/zorro/zorro6300L-127771-M:zorro malishev$ got [K[K[Kit commit -m '' [A[C[C[C[C[C[C[C[C[C[C[C[C[C[C[C[C[C[C[C[C[C[C[C[C[C[C[C[C[C[C[C[C[C[C[C[C[C[C[C[C[C[C[C[C[C[Cc''r't' 'n'e't'l'f'y'[1P'[1P'[1P'l'i'y'.'t'o'm'l'
[master 32a44a7] crt netliy.toml
 9 files changed, 78 insertions(+), 15 deletions(-)
 create mode 100644 .Rproj.user/ABE7B653/sources/prop/B60437BF
 rename .Rproj.user/ABE7B653/sources/s-D0BDBB21/{F5C8BC4E => 3C618758} (51%)
 create mode 100644 .Rproj.user/ABE7B653/sources/s-D0BDBB21/3C618758-contents
 delete mode 100644 .Rproj.user/shared/notebooks/62AC4EAF-index/1/ABE7B653D0BDBB21/chunks.json
 create mode 100644 netlify.toml
]0;~/Documents/Melbourne Uni/Programs/blogdown_test/zorro/zorro6300L-127771-M:zorro malishev$ git push
Counting objects: 19, done.
Delta compression using up to 4 threads.
Compressing objects:   6% (1/16)   Compressing objects:  12% (2/16)   Compressing objects:  18% (3/16)   Compressing objects:  25% (4/16)   Compressing objects:  31% (5/16)   Compressing objects:  37% (6/16)   Compressing objects:  43% (7/16)   Compressing objects:  50% (8/16)   Compressing objects:  56% (9/16)   Compressing objects:  62% (10/16)   Compressing objects:  68% (11/16)   Compressing objects:  75% (12/16)   Compressing objects:  81% (13/16)   Compressing objects:  87% (14/16)   Compressing objects:  93% (15/16)   Compressing objects: 100% (16/16)   Compressing objects: 100% (16/16), done.
Writing objects:   5% (1/19)   Writing objects:  10% (2/19)   Writing objects:  15% (3/19)   Writing objects:  21% (4/19)   Writing objects:  26% (5/19)   Writing objects:  31% (6/19)   Writing objects:  36% (7/19)   Writing objects:  42% (8/19)   Writing objects:  47% (9/19)   Writing objects:  52% (10/19)   Writing objects:  57% (11/19)   Writing objects:  63% (12/19)   Writing objects:  68% (13/19)   Writing objects:  73% (14/19)   Writing objects:  78% (15/19)   Writing objects:  84% (16/19)   Writing objects:  89% (17/19)   Writing objects:  94% (18/19)   Writing objects: 100% (19/19)   Writing objects: 100% (19/19), 2.86 KiB | 0 bytes/s, done.
Total 19 (delta 5), reused 0 (delta 0)
remote: Resolving deltas:   0% (0/5)[Kremote: Resolving deltas:  20% (1/5)[Kremote: Resolving deltas:  40% (2/5)[Kremote: Resolving deltas:  60% (3/5)[Kremote: Resolving deltas:  80% (4/5)[Kremote: Resolving deltas: 100% (5/5)[Kremote: Resolving deltas: 100% (5/5), completed with 5 local objects.[K
To https://github.com/darwinanddavis/zorro
   c16999f..32a44a7  master -> master
]0;~/Documents/Melbourne Uni/Programs/blogdown_test/zorro/zorro6300L-127771-M:zorro malishev$ open .gitignore. [A[C[C[C[C[C[C[C[C[C[C[C[C[C[C[C[C[C[C[C[C[C[C[C[C[C[C[C[C[C[C[C[C[C[C[C[C[C[C[C[C[C[C[C[C[C[C[K
[K[A[C[C[C[C[C[C[C[C[C[C[C[C[C[C[C[C[C[C[C[C[C[C[C[C[C[C[C[C[C[C[C[C[C[C[C[C[C[C[C[C[C[C[C[C[C[C
The file /Users/malishev/Documents/Melbourne Uni/Programs/blogdown_test/zorro/zorro/.gitignore does not exist.
]0;~/Documents/Melbourne Uni/Programs/blogdown_test/zorro/zorro6300L-127771-M:zorro malishev$ touch g[K[K.[K .gitignore [A[C[C[C[C[C[C[C[C[C[C[C[C[C[C[C[C[C[C[C[C[C[C[C[C[C[C[C[C[C[C[C[C[C[C[C[C[C[C[C[C[C[C[C[C[C[C[Ke
]0;~/Documents/Melbourne Uni/Programs/blogdown_test/zorro/zorro6300L-127771-M:zorro malishev$ open .gitignore  [A[C[C[C[C[C[C[C[C[C[C[C[C[C[C[C[C[C[C[C[C[C[C[C[C[C[C[C[C[C[C[C[C[C[C[C[C[C[C[C[C[C[C[C[C[C[C[K 
]0;~/Documents/Melbourne Uni/Programs/blogdown_test/zorro/zorro6300L-127771-M:zorro malishev$ gt a[K[K[K[K [Kgit add .
]0;~/Documents/Melbourne Uni/Programs/blogdown_test/zorro/zorro6300L-127771-M:zorro malishev$ git commit -m '' [A[C[C[C[C[C[C[C[C[C[C[C[C[C[C[C[C[C[C[C[C[C[C[C[C[C[C[C[C[C[C[C[C[C[C[C[C[C[C[C[C[C[C[C[C[C[Cu''p'd'a't'e' 'l'o'g'o'
[master 348f5e2] update logo
 24 files changed, 80 insertions(+), 35 deletions(-)
 create mode 100644 .gitignore
 create mode 100644 img/zorro.jpg
]0;~/Documents/Melbourne Uni/Programs/blogdown_test/zorro/zorro6300L-127771-M:zorro malishev$ git cp[K[Kpsuh[K[K[Kush
Counting objects: 52, done.
Delta compression using up to 4 threads.
Compressing objects:   2% (1/40)   Compressing objects:   5% (2/40)   Compressing objects:   7% (3/40)   Compressing objects:  10% (4/40)   Compressing objects:  12% (5/40)   Compressing objects:  15% (6/40)   Compressing objects:  17% (7/40)   Compressing objects:  20% (8/40)   Compressing objects:  22% (9/40)   Compressing objects:  25% (10/40)   Compressing objects:  27% (11/40)   Compressing objects:  30% (12/40)   Compressing objects:  32% (13/40)   Compressing objects:  35% (14/40)   Compressing objects:  37% (15/40)   Compressing objects:  40% (16/40)   Compressing objects:  42% (17/40)   Compressing objects:  45% (18/40)   Compressing objects:  47% (19/40)   Compressing objects:  50% (20/40)   Compressing objects:  52% (21/40)   Compressing objects:  55% (22/40)   Compressing objects:  57% (23/40)   Compressing objects:  60% (24/40)   Compressing objects:  62% (25/40)   Compressing objects:  65% (26/40)   Compressing objects:  67% (27/40)   Compressing objects:  70% (28/40)   Compressing objects:  72% (29/40)   Compressing objects:  75% (30/40)   Compressing objects:  77% (31/40)   Compressing objects:  80% (32/40)   Compressing objects:  82% (33/40)   Compressing objects:  85% (34/40)   Compressing objects:  87% (35/40)   Compressing objects:  90% (36/40)   Compressing objects:  92% (37/40)   Compressing objects:  95% (38/40)   Compressing objects:  97% (39/40)   Compressing objects: 100% (40/40)   Compressing objects: 100% (40/40), done.
Writing objects:   1% (1/52)   Writing objects:   3% (2/52)   Writing objects:   5% (3/52)   Writing objects:   7% (4/52)   Writing objects:   9% (5/52)   Writing objects:  11% (6/52)   Writing objects:  13% (7/52)   Writing objects:  15% (8/52)   Writing objects:  17% (9/52)   Writing objects:  19% (10/52)   Writing objects:  21% (11/52)   Writing objects:  23% (12/52)   Writing objects:  25% (13/52)   Writing objects:  26% (14/52)   Writing objects:  28% (15/52)   Writing objects:  30% (16/52)   Writing objects:  32% (17/52)   Writing objects:  34% (18/52)   Writing objects:  36% (19/52)   Writing objects:  38% (20/52)   Writing objects:  40% (21/52)   Writing objects:  42% (22/52)   Writing objects:  44% (23/52)   Writing objects:  46% (24/52)   Writing objects:  48% (25/52)   Writing objects:  50% (26/52)   Writing objects:  51% (27/52)   Writing objects:  53% (28/52)   Writing objects:  55% (29/52)   Writing objects:  57% (30/52)   Writing objects:  59% (31/52)   Writing objects:  61% (32/52)   Writing objects:  63% (33/52)   Writing objects:  65% (34/52)   Writing objects:  67% (35/52)   Writing objects:  69% (36/52)   Writing objects:  71% (37/52)   Writing objects:  73% (38/52)   Writing objects:  75% (39/52)   Writing objects:  76% (40/52)   Writing objects:  78% (41/52)   Writing objects:  80% (42/52)   Writing objects:  82% (43/52)   Writing objects:  84% (44/52)   Writing objects:  86% (45/52)   Writing objects:  88% (46/52)   Writing objects:  90% (47/52)   Writing objects:  92% (48/52)   Writing objects:  94% (49/52)   Writing objects:  96% (50/52)   Writing objects:  98% (51/52)   Writing objects: 100% (52/52)   Writing objects: 100% (52/52), 32.74 KiB | 0 bytes/s, done.
Total 52 (delta 19), reused 0 (delta 0)
remote: Resolving deltas:   0% (0/19)[Kremote: Resolving deltas:   5% (1/19)[Kremote: Resolving deltas:  10% (2/19)[Kremote: Resolving deltas:  15% (3/19)[Kremote: Resolving deltas:  21% (4/19)[Kremote: Resolving deltas:  26% (5/19)[Kremote: Resolving deltas:  31% (6/19)[Kremote: Resolving deltas:  36% (7/19)[Kremote: Resolving deltas:  42% (8/19)[Kremote: Resolving deltas:  47% (9/19)[Kremote: Resolving deltas:  57% (11/19)[Kremote: Resolving deltas:  63% (12/19)[Kremote: Resolving deltas:  73% (14/19)[Kremote: Resolving deltas:  78% (15/19)[Kremote: Resolving deltas:  84% (16/19)[Kremote: Resolving deltas:  94% (18/19)[Kremote: Resolving deltas: 100% (19/19)[Kremote: Resolving deltas: 100% (19/19), completed with 16 local objects.[K
To https://github.com/darwinanddavis/zorro
   32a44a7..348f5e2  master -> master
]0;~/Documents/Melbourne Uni/Programs/blogdown_test/zorro/zorro6300L-127771-M:zorro malishev$ git pushcommit -m 'uppdate logo'[A[C[C[C[C[C[C[C[C[C[C[C[C[C[C[C[C[C[C[C[C[C[C[C[C[7Padd .
[K[A[C[C[C[C[C[C[C[C[C[C[C[C[C[C[C[C[C[C[C[C[C[C[C[C[C[C[C[C[C[C[C[C[C[C[C[C[C[C[C[C
]0;~/Documents/Melbourne Uni/Programs/blogdown_test/zorro/zorro6300L-127771-M:zorro malishev$ git add .[1Ppushcommit -m 'uppdate logo'2'
[master 24e681e] update logo2
 17 files changed, 34 insertions(+), 18 deletions(-)
]0;~/Documents/Melbourne Uni/Programs/blogdown_test/zorro/zorro6300L-127771-M:zorro malishev$ git commit -m 'uppdate logo2'[A[C[C[C[C[C[C[C[C[C[C[C[C[C[C[C[C[C[C[C[C[C[C[C[7Padd .
[K[A[C[C[C[C[C[C[C[C[C[C[C[C[C[C[C[C[C[C[C[C[C[C[C[C[C[C[C[C[C[C[C[C[C[C[C[C[C[C[C[C[1Ppush
Counting objects: 44, done.
Delta compression using up to 4 threads.
Compressing objects:   3% (1/33)   Compressing objects:   6% (2/33)   Compressing objects:   9% (3/33)   Compressing objects:  12% (4/33)   Compressing objects:  15% (5/33)   Compressing objects:  18% (6/33)   Compressing objects:  21% (7/33)   Compressing objects:  24% (8/33)   Compressing objects:  27% (9/33)   Compressing objects:  30% (10/33)   Compressing objects:  33% (11/33)   Compressing objects:  36% (12/33)   Compressing objects:  39% (13/33)   Compressing objects:  42% (14/33)   Compressing objects:  45% (15/33)   Compressing objects:  48% (16/33)   Compressing objects:  51% (17/33)   Compressing objects:  54% (18/33)   Compressing objects:  57% (19/33)   Compressing objects:  60% (20/33)   Compressing objects:  63% (21/33)   Compressing objects:  66% (22/33)   Compressing objects:  69% (23/33)   Compressing objects:  72% (24/33)   Compressing objects:  75% (25/33)   Compressing objects:  78% (26/33)   Compressing objects:  81% (27/33)   Compressing objects:  84% (28/33)   Compressing objects:  87% (29/33)   Compressing objects:  90% (30/33)   Compressing objects:  93% (31/33)   Compressing objects:  96% (32/33)   Compressing objects: 100% (33/33)   Compressing objects: 100% (33/33), done.
Writing objects:   2% (1/44)   Writing objects:   4% (2/44)   Writing objects:   6% (3/44)   Writing objects:   9% (4/44)   Writing objects:  11% (5/44)   Writing objects:  13% (6/44)   Writing objects:  15% (7/44)   Writing objects:  18% (8/44)   Writing objects:  20% (9/44)   Writing objects:  22% (10/44)   Writing objects:  25% (11/44)   Writing objects:  27% (12/44)   Writing objects:  29% (13/44)   Writing objects:  31% (14/44)   Writing objects:  34% (15/44)   Writing objects:  36% (16/44)   Writing objects:  38% (17/44)   Writing objects:  40% (18/44)   Writing objects:  43% (19/44)   Writing objects:  45% (20/44)   Writing objects:  47% (21/44)   Writing objects:  50% (22/44)   Writing objects:  52% (23/44)   Writing objects:  54% (24/44)   Writing objects:  56% (25/44)   Writing objects:  59% (26/44)   Writing objects:  61% (27/44)   Writing objects:  63% (28/44)   Writing objects:  65% (29/44)   Writing objects:  68% (30/44)   Writing objects:  70% (31/44)   Writing objects:  72% (32/44)   Writing objects:  75% (33/44)   Writing objects:  77% (34/44)   Writing objects:  79% (35/44)   Writing objects:  81% (36/44)   Writing objects:  84% (37/44)   Writing objects:  86% (38/44)   Writing objects:  88% (39/44)   Writing objects:  90% (40/44)   Writing objects:  93% (41/44)   Writing objects:  95% (42/44)   Writing objects:  97% (43/44)   Writing objects: 100% (44/44)   Writing objects: 100% (44/44), 4.28 KiB | 0 bytes/s, done.
Total 44 (delta 19), reused 0 (delta 0)
remote: Resolving deltas:   0% (0/19)[Kremote: Resolving deltas:   5% (1/19)[Kremote: Resolving deltas:  10% (2/19)[Kremote: Resolving deltas:  15% (3/19)[Kremote: Resolving deltas:  21% (4/19)[Kremote: Resolving deltas:  26% (5/19)[Kremote: Resolving deltas:  31% (6/19)[Kremote: Resolving deltas:  36% (7/19)[Kremote: Resolving deltas:  42% (8/19)[Kremote: Resolving deltas:  47% (9/19)[Kremote: Resolving deltas:  57% (11/19)[Kremote: Resolving deltas:  63% (12/19)[Kremote: Resolving deltas:  73% (14/19)[Kremote: Resolving deltas:  78% (15/19)[Kremote: Resolving deltas:  84% (16/19)[Kremote: Resolving deltas:  94% (18/19)[Kremote: Resolving deltas: 100% (19/19)[Kremote: Resolving deltas: 100% (19/19), completed with 16 local objects.[K
To https://github.com/darwinanddavis/zorro
   348f5e2..24e681e  master -> master
]0;~/Documents/Melbourne Uni/Programs/blogdown_test/zorro/zorro6300L-127771-M:zorro malishev$ git pushcommit -m 'uppdate logo2'[A[C[C[C[C[C[C[C[C[C[C[C[C[C[C[C[C[C[C[C[C[C[C[C[7Padd .
[K[A[C[C[C[C[C[C[C[C[C[C[C[C[C[C[C[C[C[C[C[C[C[C[C[C[C[C[C[C[C[C[C[C[C[C[C[C[C[C[C[C
]0;~/Documents/Melbourne Uni/Programs/blogdown_test/zorro/zorro6300L-127771-M:zorro malishev$ git add .[1Ppushcommit -m 'uppdate logo2' 's'e'r'v'e'r'[1P' 's'i't'e'
[master 09647fc] update logo2 serve site
 1 file changed, 16 insertions(+), 1 deletion(-)
]0;~/Documents/Melbourne Uni/Programs/blogdown_test/zorro/zorro6300L-127771-M:zorro malishev$ git commit -m 'uppdate logo2 serve site'[A[C[C[C[C[C[C[C[C[C[C[C[C[7Padd .
[K[A[C[C[C[C[C[C[C[C[C[C[C[C[C[C[C[C[C[C[C[C[C[C[C[C[C[C[C[C[C[C[C[C[C[C[C[C[C[C[C[C[1Ppushcommit -m 'uppdate logo2'[A[C[C[C[C[C[C[C[C[C[C[C[C[C[C[C[C[C[C[C[C[C[C[C[8Ppush
[K[A[C[C[C[C[C[C[C[C[C[C[C[C[C[C[C[C[C[C[C[C[C[C[C[C[C[C[C[C[C[C[C[C[C[C[C[C[C[C[C
Counting objects: 6, done.
Delta compression using up to 4 threads.
Compressing objects:  16% (1/6)   Compressing objects:  33% (2/6)   Compressing objects:  50% (3/6)   Compressing objects:  66% (4/6)   Compressing objects:  83% (5/6)   Compressing objects: 100% (6/6)   Compressing objects: 100% (6/6), done.
Writing objects:  16% (1/6)   Writing objects:  33% (2/6)   Writing objects:  50% (3/6)   Writing objects:  66% (4/6)   Writing objects:  83% (5/6)   Writing objects: 100% (6/6)   Writing objects: 100% (6/6), 1.19 KiB | 0 bytes/s, done.
Total 6 (delta 2), reused 0 (delta 0)
remote: Resolving deltas:   0% (0/2)[Kremote: Resolving deltas:  50% (1/2)[Kremote: Resolving deltas: 100% (2/2)[Kremote: Resolving deltas: 100% (2/2), completed with 2 local objects.[K
To https://github.com/darwinanddavis/zorro
   24e681e..09647fc  master -> master
]0;~/Documents/Melbourne Uni/Programs/blogdown_test/zorro/zorro6300L-127771-M:zorro malishev$ g[Kgit pushcommit -m 'uppdate logo2 serve site'[A[C[C[C[C[C[C[C[C[C[C[C[C[7Padd .
[K[A[C[C[C[C[C[C[C[C[C[C[C[C[C[C[C[C[C[C[C[C[C[C[C[C[C[C[C[C[C[C[C[C[C[C[C[C[C[C[C[C
]0;~/Documents/Melbourne Uni/Programs/blogdown_test/zorro/zorro6300L-127771-M:zorro malishev$ git add .[1Ppushcommit -m 'uppdate logo2 serve site'[1P'[1P'[1P'[1P'[1P'[1P'[1P'[1P'[1P'[1P'[1P'[1P'[1P'[1P'[1P'[1P'[1P'[1P'[1P'[1P'[1P'[1P'[A[C[C[C[C[C[C[C[C[C[C[C[C[C[C[C[C[C[C[C[C[C[C[C[C[C[C[C[C[C[C[C[C[C[C[C[C[C[C[C[C[C[C[C[C[C[C' [K[A[C[C[C[C[C[C[C[C[C[C[C[C[C[C[C[C[C[C[C[C[C[C[C[C[C[C[C[C[C[C[C[C[C[C[C[C[C[C[C[C[C[C[C[C[C[C[K
[K[A[C[C[C[C[C[C[C[C[C[C[C[C[C[C[C[C[C[C[C[C[C[C[C[C[C[C[C[C[C[C[C[C[C[C[C[C[C[C[C[C[C[C[C[C[C[C[K[K '' [A[C[C[C[C[C[C[C[C[C[C[C[C[C[C[C[C[C[C[C[C[C[C[C[C[C[C[C[C[C[C[C[C[C[C[C[C[C[C[C[C[C[C[C[C[C[Cg''i't'[1P'[1P'[A[C[C[C[C[C[C[C[C[C[C[C[C[C[C[C[C[C[C[C[C[C[C[C[C[C[C[C[C[C[C[C[C[C[C[C[C[C[C[C[C[C[C[C[C[C[C' [K[A[C[C[C[C[C[C[C[C[C[C[C[C[C[C[C[C[C[C[C[C[C[C[C[C[C[C[C[C[C[C[C[C[C[C[C[C[C[C[C[C[C[C[C[C[C[Cs''i't'e' 'c'h'a'n'g'e' 't'h'e'n' 's'e'r'e' 's'i'[1P'[1P'[1P'[1P'v'e' 's'i't'e'
[master 189c79b] site change then serve site
 20 files changed, 41 insertions(+), 25 deletions(-)
]0;~/Documents/Melbourne Uni/Programs/blogdown_test/zorro/zorro6300L-127771-M:zorro malishev$ git push
Counting objects: 47, done.
Delta compression using up to 4 threads.
Compressing objects:   2% (1/36)   Compressing objects:   5% (2/36)   Compressing objects:   8% (3/36)   Compressing objects:  11% (4/36)   Compressing objects:  13% (5/36)   Compressing objects:  16% (6/36)   Compressing objects:  19% (7/36)   Compressing objects:  22% (8/36)   Compressing objects:  25% (9/36)   Compressing objects:  27% (10/36)   Compressing objects:  30% (11/36)   Compressing objects:  33% (12/36)   Compressing objects:  36% (13/36)   Compressing objects:  38% (14/36)   Compressing objects:  41% (15/36)   Compressing objects:  44% (16/36)   Compressing objects:  47% (17/36)   Compressing objects:  50% (18/36)   Compressing objects:  52% (19/36)   Compressing objects:  55% (20/36)   Compressing objects:  58% (21/36)   Compressing objects:  61% (22/36)   Compressing objects:  63% (23/36)   Compressing objects:  66% (24/36)   Compressing objects:  69% (25/36)   Compressing objects:  72% (26/36)   Compressing objects:  75% (27/36)   Compressing objects:  77% (28/36)   Compressing objects:  80% (29/36)   Compressing objects:  83% (30/36)   Compressing objects:  86% (31/36)   Compressing objects:  88% (32/36)   Compressing objects:  91% (33/36)   Compressing objects:  94% (34/36)   Compressing objects:  97% (35/36)   Compressing objects: 100% (36/36)   Compressing objects: 100% (36/36), done.
Writing objects:   2% (1/47)   Writing objects:   4% (2/47)   Writing objects:   6% (3/47)   Writing objects:   8% (4/47)   Writing objects:  10% (5/47)   Writing objects:  12% (6/47)   Writing objects:  14% (7/47)   Writing objects:  17% (8/47)   Writing objects:  19% (9/47)   Writing objects:  21% (10/47)   Writing objects:  23% (11/47)   Writing objects:  25% (12/47)   Writing objects:  27% (13/47)   Writing objects:  29% (14/47)   Writing objects:  31% (15/47)   Writing objects:  34% (16/47)   Writing objects:  36% (17/47)   Writing objects:  38% (18/47)   Writing objects:  40% (19/47)   Writing objects:  42% (20/47)   Writing objects:  44% (21/47)   Writing objects:  46% (22/47)   Writing objects:  48% (23/47)   Writing objects:  51% (24/47)   Writing objects:  53% (25/47)   Writing objects:  55% (26/47)   Writing objects:  57% (27/47)   Writing objects:  59% (28/47)   Writing objects:  61% (29/47)   Writing objects:  63% (30/47)   Writing objects:  65% (31/47)   Writing objects:  68% (32/47)   Writing objects:  70% (33/47)   Writing objects:  72% (34/47)   Writing objects:  74% (35/47)   Writing objects:  76% (36/47)   Writing objects:  78% (37/47)   Writing objects:  80% (38/47)   Writing objects:  82% (39/47)   Writing objects:  85% (40/47)   Writing objects:  87% (41/47)   Writing objects:  89% (42/47)   Writing objects:  91% (43/47)   Writing objects:  93% (44/47)   Writing objects:  95% (45/47)   Writing objects:  97% (46/47)   Writing objects: 100% (47/47)   Writing objects: 100% (47/47), 4.26 KiB | 0 bytes/s, done.
Total 47 (delta 20), reused 0 (delta 0)
remote: Resolving deltas:   0% (0/20)[Kremote: Resolving deltas:   5% (1/20)[Kremote: Resolving deltas:  10% (2/20)[Kremote: Resolving deltas:  15% (3/20)[Kremote: Resolving deltas:  20% (4/20)[Kremote: Resolving deltas:  25% (5/20)[Kremote: Resolving deltas:  30% (6/20)[Kremote: Resolving deltas:  35% (7/20)[Kremote: Resolving deltas:  40% (8/20)[Kremote: Resolving deltas:  45% (9/20)[Kremote: Resolving deltas:  50% (10/20)[Kremote: Resolving deltas:  65% (13/20)[Kremote: Resolving deltas:  70% (14/20)[Kremote: Resolving deltas:  75% (15/20)[Kremote: Resolving deltas:  80% (16/20)[Kremote: Resolving deltas:  85% (17/20)[Kremote: Resolving deltas:  95% (19/20)[Kremote: Resolving deltas: 100% (20/20)[Kremote: Resolving deltas: 100% (20/20), completed with 17 local objects.[K
To https://github.com/darwinanddavis/zorro
   09647fc..189c79b  master -> master
]0;~/Documents/Melbourne Uni/Programs/blogdown_test/zorro/zorro6300L-127771-M:zorro malishev$ pwd
/Users/malishev/Documents/Melbourne Uni/Programs/blogdown_test/zorro/zorro
]0;~/Documents/Melbourne Uni/Programs/blogdown_test/zorro/zorro6300L-127771-M:zorro malishev$ touch [K[K[K[K[K[Kpd[Kw[K[Kgit add .
]0;~/Documents/Melbourne Uni/Programs/blogdown_test/zorro/zorro6300L-127771-M:zorro malishev$ git commit -m '' [A[C[C[C[C[C[C[C[C[C[C[C[C[C[C[C[C[C[C[C[C[C[C[C[C[C[C[C[C[C[C[C[C[C[C[C[C[C[C[C[C[C[C[C[C[C[Cu''[A[C[C[C[C[C[C[C[C[C[C[C[C[C[C[C[C[C[C[C[C[C[C[C[C[C[C[C[C[C[C[C[C[C[C[C[C[C[C[C[C[C[C[C[C[C[C' [K[A[C[C[C[C[C[C[C[C[C[C[C[C[C[C[C[C[C[C[C[C[C[C[C[C[C[C[C[C[C[C[C[C[C[C[C[C[C[C[C[C[C[C[C[C[C[Ca''d'd'e'd' 'i'n'd'e'x' 'r'm'd' 't'o' 'p'u'b'l'i'c' 'w'/'o'
[master 1e2d2b8] added index rmd to public w/o
 6 files changed, 254 insertions(+), 121 deletions(-)
 rewrite public/index.html (89%)
]0;~/Documents/Melbourne Uni/Programs/blogdown_test/zorro/zorro6300L-127771-M:zorro malishev$ git push
Counting objects: 17, done.
Delta compression using up to 4 threads.
Compressing objects:   6% (1/16)   Compressing objects:  12% (2/16)   Compressing objects:  18% (3/16)   Compressing objects:  25% (4/16)   Compressing objects:  31% (5/16)   Compressing objects:  37% (6/16)   Compressing objects:  43% (7/16)   Compressing objects:  50% (8/16)   Compressing objects:  56% (9/16)   Compressing objects:  62% (10/16)   Compressing objects:  68% (11/16)   Compressing objects:  75% (12/16)   Compressing objects:  81% (13/16)   Compressing objects:  87% (14/16)   Compressing objects:  93% (15/16)   Compressing objects: 100% (16/16)   Compressing objects: 100% (16/16), done.
Writing objects:   5% (1/17)   Writing objects:  11% (2/17)   Writing objects:  17% (3/17)   Writing objects:  23% (4/17)   Writing objects:  29% (5/17)   Writing objects:  35% (6/17)   Writing objects:  41% (7/17)   Writing objects:  47% (8/17)   Writing objects:  52% (9/17)   Writing objects:  58% (10/17)   Writing objects:  64% (11/17)   Writing objects:  70% (12/17)   Writing objects:  76% (13/17)   Writing objects:  82% (14/17)   Writing objects:  88% (15/17)   Writing objects:  94% (16/17)   Writing objects: 100% (17/17)   Writing objects: 100% (17/17), 236.09 KiB | 0 bytes/s, done.
Total 17 (delta 9), reused 0 (delta 0)
remote: Resolving deltas:   0% (0/9)[Kremote: Resolving deltas:  11% (1/9)[Kremote: Resolving deltas:  22% (2/9)[Kremote: Resolving deltas:  33% (3/9)[Kremote: Resolving deltas:  44% (4/9)[Kremote: Resolving deltas:  55% (5/9)[Kremote: Resolving deltas:  66% (6/9)[Kremote: Resolving deltas:  77% (7/9)[Kremote: Resolving deltas:  88% (8/9)[Kremote: Resolving deltas: 100% (9/9)[Kremote: Resolving deltas: 100% (9/9), completed with 9 local objects.[K
To https://github.com/darwinanddavis/zorro
   189c79b..1e2d2b8  master -> master
]0;~/Documents/Melbourne Uni/Programs/blogdown_test/zorro/zorro6300L-127771-M:zorro malishev$ cd [K[K[Kpwd
/Users/malishev/Documents/Melbourne Uni/Programs/blogdown_test/zorro/zorro
]0;~/Documents/Melbourne Uni/Programs/blogdown_test/zorro/zorro6300L-127771-M:zorro malishev$ cd public/about/ [A[C[C[C[C[C[C[C[C[C[C[C[C[C[C[C[C[C[C[C[C[C[C[C[C[C[C[C[C[C[C[C[C[C[C[C[C[C[C[C[C[C[C[C[C[C[C[K/
]0;~/Documents/Melbourne Uni/Programs/blogdown_test/zorro/zorro/public/about6300L-127771-M:about malishev$ ls
index.html
]0;~/Documents/Melbourne Uni/Programs/blogdown_test/zorro/zorro/public/about6300L-127771-M:about malishev$ touch index.html [A[C[C[C[C[C[C[C[C[C[C[C[C[C[C[C[C[C[C[C[C[C[C[C[C[C[C[C[C[C[C[C[C[C[C[C[C[C[C[C[C[C[C[C[C[C[C[K
[K[A[C[C[C[C[C[C[C[C[C[C[C[C[C[C[C[C[C[C[C[C[C[C[C[C[C[C[C[C[C[C[C[C[C[C[C[C[C[C[C[C[C[C[C[C[C[C[K[K[K[K[K[K[K[K[Kabout.Rmd[K[K[Krmd
]0;~/Documents/Melbourne Uni/Programs/blogdown_test/zorro/zorro/public/about6300L-127771-M:about malishev$ poen[K[K[K[Kls
about.rmd	index.html
]0;~/Documents/Melbourne Uni/Programs/blogdown_test/zorro/zorro/public/about6300L-127771-M:about malishev$ git add .
]0;~/Documents/Melbourne Uni/Programs/blogdown_test/zorro/zorro/public/about6300L-127771-M:about malishev$ git commit -m '[Ca bout'
[master fa73e97] about
 1 file changed, 2 insertions(+), 2 deletions(-)
]0;~/Documents/Melbourne Uni/Programs/blogdown_test/zorro/zorro/public/about6300L-127771-M:about malishev$ git push
Counting objects: 5, done.
Delta compression using up to 4 threads.
Compressing objects:  25% (1/4)   Compressing objects:  50% (2/4)   Compressing objects:  75% (3/4)   Compressing objects: 100% (4/4)   Compressing objects: 100% (4/4), done.
Writing objects:  20% (1/5)   Writing objects:  40% (2/5)   Writing objects:  60% (3/5)   Writing objects:  80% (4/5)   Writing objects: 100% (5/5)   Writing objects: 100% (5/5), 433 bytes | 0 bytes/s, done.
Total 5 (delta 3), reused 0 (delta 0)
remote: Resolving deltas:   0% (0/3)[Kremote: Resolving deltas:  33% (1/3)[Kremote: Resolving deltas:  66% (2/3)[Kremote: Resolving deltas: 100% (3/3)[Kremote: Resolving deltas: 100% (3/3), completed with 3 local objects.[K
To https://github.com/darwinanddavis/zorro
   1e2d2b8..fa73e97  master -> master
]0;~/Documents/Melbourne Uni/Programs/blogdown_test/zorro/zorro/public/about6300L-127771-M:about malishev$ git pushcommit -m 'abbout'[A[C[C[C[C[C[C[C[C[C[C[C[C[C[C[C[C[C[C[C[C[C[C[C[C[C[C[C[C[C[C[7Padd .
[K[A[C[C[C[C[C[C[C[C[C[C[C[C[C[C[C[C[C[C[C[C[C[C[C[C[C[C[C[C[C[C[C[C[C[C[C[C[C[C[C[C
]0;~/Documents/Melbourne Uni/Programs/blogdown_test/zorro/zorro/public/about6300L-127771-M:about malishev$ git add .[1Ppushcommit -m 'abbout'2'[1P'i'n'[1P'[1P' 'i'n' 'c'o'n't'e'n't'
[master 7b65035] about in content
 1 file changed, 41 insertions(+), 4 deletions(-)
]0;~/Documents/Melbourne Uni/Programs/blogdown_test/zorro/zorro/public/about6300L-127771-M:about malishev$ git commit -m 'abbout in content'[A[C[C[C[C[C[C[C[C[C[C[C[C[C[C[C[C[C[C[C[7Padd .
[K[A[C[C[C[C[C[C[C[C[C[C[C[C[C[C[C[C[C[C[C[C[C[C[C[C[C[C[C[C[C[C[C[C[C[C[C[C[C[C[C[C[1Ppushcommit -m 'abbout'[A[C[C[C[C[C[C[C[C[C[C[C[C[C[C[C[C[C[C[C[C[C[C[C[C[C[C[C[C[C[C[7Padd .
[K[A[C[C[C[C[C[C[C[C[C[C[C[C[C[C[C[C[C[C[C[C[C[C[C[C[C[C[C[C[C[C[C[C[C[C[C[C[C[C[C[Cls[Kgit add .commit -m 'abbout'[A[C[C[C[C[C[C[C[C[C[C[C[C[C[C[C[C[C[C[C[C[C[C[C[C[C[C[C[C[C[C[8Ppush
[K[A[C[C[C[C[C[C[C[C[C[C[C[C[C[C[C[C[C[C[C[C[C[C[C[C[C[C[C[C[C[C[C[C[C[C[C[C[C[C[C
Counting objects: 5, done.
Delta compression using up to 4 threads.
Compressing objects:  25% (1/4)   Compressing objects:  50% (2/4)   Compressing objects:  75% (3/4)   Compressing objects: 100% (4/4)   Compressing objects: 100% (4/4), done.
Writing objects:  20% (1/5)   Writing objects:  40% (2/5)   Writing objects:  60% (3/5)   Writing objects:  80% (4/5)   Writing objects: 100% (5/5)   Writing objects: 100% (5/5), 2.10 KiB | 0 bytes/s, done.
Total 5 (delta 2), reused 0 (delta 0)
remote: Resolving deltas:   0% (0/2)[Kremote: Resolving deltas:  50% (1/2)[Kremote: Resolving deltas: 100% (2/2)[Kremote: Resolving deltas: 100% (2/2), completed with 2 local objects.[K
To https://github.com/darwinanddavis/zorro
   fa73e97..7b65035  master -> master
]0;~/Documents/Melbourne Uni/Programs/blogdown_test/zorro/zorro/public/about6300L-127771-M:about malishev$ git pushcommit -m 'abbout in content'[A[C[C[C[C[C[C[C[C[C[C[C[C[C[C[C[C[C[C[C[7Padd .
[K[A[C[C[C[C[C[C[C[C[C[C[C[C[C[C[C[C[C[C[C[C[C[C[C[C[C[C[C[C[C[C[C[C[C[C[C[C[C[C[C[C[1Ppushadd .
]0;~/Documents/Melbourne Uni/Programs/blogdown_test/zorro/zorro/public/about6300L-127771-M:about malishev$ git add .[1Ppushcommit -m 'abbout in content' 'w' 's'e'r'v'e'
On branch master
Your branch is up-to-date with 'origin/master'.
Changes not staged for commit:
	[31mmodified:   ../../.Rproj.user/ABE7B653/console06/6183A5A0[m
	[31mmodified:   ../../.Rproj.user/ABE7B653/console06/6183A5A0.env[m
	[31mmodified:   ../../.Rproj.user/ABE7B653/console06/INDEX001[m
	[31mmodified:   ../../.Rproj.user/ABE7B653/sources/prop/ADCCD592[m
	[31mmodified:   ../../.Rproj.user/ABE7B653/sources/prop/INDEX[m
	[31mmodified:   ../../.Rproj.user/ABE7B653/sources/s-D0BDBB21/B1725DE[m
	[31mmodified:   ../../.Rproj.user/ABE7B653/sources/s-D0BDBB21/B1725DE-contents[m
	[31mmodified:   ../../.Rproj.user/shared/notebooks/paths[m
	[31mmodified:   ../../config.toml[m
	[31mmodified:   ../2015/01/01/lorem-ipsum/index.html[m
	[31mmodified:   ../2015/07/23/hello-r-markdown/index.html[m
	[31mmodified:   ../2016/12/30/a-plain-markdown-post/index.html[m
	[31mmodified:   ../categories/index.html[m
	[31mmodified:   ../categories/r/index.html[m
	[31mmodified:   ../index.html[m
	[31mmodified:   ../index.xml[m
	[31mmodified:   ../post/index.html[m
	[31mmodified:   ../sitemap.xml[m
	[31mmodified:   ../tags/index.html[m
	[31mmodified:   ../tags/plot/index.html[m
	[31mmodified:   ../tags/r-markdown/index.html[m
	[31mmodified:   ../tags/regression/index.html[m

Untracked files:
	[31m../../content/about.html[m
	[31m../../content/about.rmd[m
	[31m../../static/rmarkdown-libs/[m

no changes added to commit
]0;~/Documents/Melbourne Uni/Programs/blogdown_test/zorro/zorro/public/about6300L-127771-M:about malishev$ git commit -m 'abbout in content w serve'[A[C[C[C[C[C[C[C[C[C[C[C[7Padd .
[K[A[C[C[C[C[C[C[C[C[C[C[C[C[C[C[C[C[C[C[C[C[C[C[C[C[C[C[C[C[C[C[C[C[C[C[C[C[C[C[C[C[1Ppush
Everything up-to-date
]0;~/Documents/Melbourne Uni/Programs/blogdown_test/zorro/zorro/public/about6300L-127771-M:about malishev$ git pushcommit -m 'abbout in content w serve'[A[C[C[C[C[C[C[C[C[C[C[C[7Padd .
[K[A[C[C[C[C[C[C[C[C[C[C[C[C[C[C[C[C[C[C[C[C[C[C[C[C[C[C[C[C[C[C[C[C[C[C[C[C[C[C[C[C
]0;~/Documents/Melbourne Uni/Programs/blogdown_test/zorro/zorro/public/about6300L-127771-M:about malishev$ git add .[1Ppushcommit -m 'abbout in content w serve'
On branch master
Your branch is up-to-date with 'origin/master'.
Changes not staged for commit:
	[31mmodified:   ../../.Rproj.user/ABE7B653/console06/6183A5A0[m
	[31mmodified:   ../../.Rproj.user/ABE7B653/console06/6183A5A0.env[m
	[31mmodified:   ../../.Rproj.user/ABE7B653/console06/INDEX001[m
	[31mmodified:   ../../.Rproj.user/ABE7B653/sources/prop/ADCCD592[m
	[31mmodified:   ../../.Rproj.user/ABE7B653/sources/prop/INDEX[m
	[31mmodified:   ../../.Rproj.user/ABE7B653/sources/s-D0BDBB21/B1725DE[m
	[31mmodified:   ../../.Rproj.user/ABE7B653/sources/s-D0BDBB21/B1725DE-contents[m
	[31mmodified:   ../../.Rproj.user/shared/notebooks/paths[m
	[31mmodified:   ../../config.toml[m
	[31mmodified:   ../2015/01/01/lorem-ipsum/index.html[m
	[31mmodified:   ../2015/07/23/hello-r-markdown/index.html[m
	[31mmodified:   ../2016/12/30/a-plain-markdown-post/index.html[m
	[31mmodified:   ../categories/index.html[m
	[31mmodified:   ../categories/r/index.html[m
	[31mmodified:   ../index.html[m
	[31mmodified:   ../index.xml[m
	[31mmodified:   ../post/index.html[m
	[31mmodified:   ../sitemap.xml[m
	[31mmodified:   ../tags/index.html[m
	[31mmodified:   ../tags/plot/index.html[m
	[31mmodified:   ../tags/r-markdown/index.html[m
	[31mmodified:   ../tags/regression/index.html[m

Untracked files:
	[31m../../content/about.html[m
	[31m../../content/about.rmd[m
	[31m../../static/rmarkdown-libs/[m

no changes added to commit
]0;~/Documents/Melbourne Uni/Programs/blogdown_test/zorro/zorro/public/about6300L-127771-M:about malishev$ git commit -m 'abbout in content w serve'[A[C[C[C[C[C[C[C[C[C[C[C[7Padd .
[K[A[C[C[C[C[C[C[C[C[C[C[C[C[C[C[C[C[C[C[C[C[C[C[C[C[C[C[C[C[C[C[C[C[C[C[C[C[C[C[C[C[1Ppushcommit -m 'abbout in content w serve'[A[C[C[C[C[C[C[C[C[C[C[C[8Ppush
[K[A[C[C[C[C[C[C[C[C[C[C[C[C[C[C[C[C[C[C[C[C[C[C[C[C[C[C[C[C[C[C[C[C[C[C[C[C[C[C[Cadd .
]0;~/Documents/Melbourne Uni/Programs/blogdown_test/zorro/zorro/public/about6300L-127771-M:about malishev$ git add .commit -m 'abbout in content w serve'[A[C[C[C[C[C[C[C[C[C[C[C[7Padd .
[K[A[C[C[C[C[C[C[C[C[C[C[C[C[C[C[C[C[C[C[C[C[C[C[C[C[C[C[C[C[C[C[C[C[C[C[C[C[C[C[C[Ccommit -m 'abbout in content w serve'o serve'[1@m[1@d[1@ 
[master e8cc850] about md in content wo serve
 1 file changed, 7 insertions(+), 20 deletions(-)
]0;~/Documents/Melbourne Uni/Programs/blogdown_test/zorro/zorro/public/about6300L-127771-M:about malishev$ git commit -m 'abbout md in content wo serve'[A[C[C[C[C[C[C[C[7Padd .
[K[A[C[C[C[C[C[C[C[C[C[C[C[C[C[C[C[C[C[C[C[C[C[C[C[C[C[C[C[C[C[C[C[C[C[C[C[C[C[C[C[Ccommit -m 'abbout in content w serve'[A[C[C[C[C[C[C[C[C[C[C[C[7Padd .
[K[A[C[C[C[C[C[C[C[C[C[C[C[C[C[C[C[C[C[C[C[C[C[C[C[C[C[C[C[C[C[C[C[C[C[C[C[C[C[C[C[C[1Ppush
Counting objects: 5, done.
Delta compression using up to 4 threads.
Compressing objects:  25% (1/4)   Compressing objects:  50% (2/4)   Compressing objects:  75% (3/4)   Compressing objects: 100% (4/4)   Compressing objects: 100% (4/4), done.
Writing objects:  20% (1/5)   Writing objects:  40% (2/5)   Writing objects:  60% (3/5)   Writing objects:  80% (4/5)   Writing objects: 100% (5/5)   Writing objects: 100% (5/5), 542 bytes | 0 bytes/s, done.
Total 5 (delta 3), reused 0 (delta 0)
remote: Resolving deltas:   0% (0/3)[Kremote: Resolving deltas:  33% (1/3)[Kremote: Resolving deltas:  66% (2/3)[Kremote: Resolving deltas: 100% (3/3)[Kremote: Resolving deltas: 100% (3/3), completed with 3 local objects.[K
To https://github.com/darwinanddavis/zorro
   7b65035..e8cc850  master -> master
]0;~/Documents/Melbourne Uni/Programs/blogdown_test/zorro/zorro/public/about6300L-127771-M:about malishev$ git pushcommit -m 'abbout md in content wo serve'[A[C[C[C[C[C[C[C[8Ppush
[K[A[C[C[C[C[C[C[C[C[C[C[C[C[C[C[C[C[C[C[C[C[C[C[C[C[C[C[C[C[C[C[C[C[C[C[C[C[C[C[C[Kgit pushcommit -m 'abbout md in content wo serve'[A[C[C[C[C[C[C[C[7Padd .
[K[A[C[C[C[C[C[C[C[C[C[C[C[C[C[C[C[C[C[C[C[C[C[C[C[C[C[C[C[C[C[C[C[C[C[C[C[C[C[C[C[C
]0;~/Documents/Melbourne Uni/Programs/blogdown_test/zorro/zorro/public/about6300L-127771-M:about malishev$ git add .[1Ppushcommit -m 'abbout md in content wo serve'[1P[C[1P serve'w serve'
On branch master
Your branch is up-to-date with 'origin/master'.
Changes not staged for commit:
	[31mmodified:   ../../.Rproj.user/ABE7B653/console06/6183A5A0[m
	[31mmodified:   ../../.Rproj.user/ABE7B653/console06/6183A5A0.env[m
	[31mmodified:   ../../.Rproj.user/ABE7B653/console06/INDEX001[m
	[31mmodified:   ../../.Rproj.user/ABE7B653/sources/prop/ADCCD592[m
	[31mmodified:   ../../.Rproj.user/ABE7B653/sources/prop/INDEX[m
	[31mmodified:   ../../.Rproj.user/ABE7B653/sources/s-D0BDBB21/B1725DE[m
	[31mmodified:   ../../.Rproj.user/ABE7B653/sources/s-D0BDBB21/B1725DE-contents[m
	[31mmodified:   ../../.Rproj.user/shared/notebooks/paths[m
	[31mmodified:   ../../config.toml[m
	[31mmodified:   ../../content/about.md[m
	[31mmodified:   ../2015/01/01/lorem-ipsum/index.html[m
	[31mmodified:   ../2015/07/23/hello-r-markdown/index.html[m
	[31mmodified:   ../2016/12/30/a-plain-markdown-post/index.html[m
	[31mmodified:   ../categories/index.html[m
	[31mmodified:   ../categories/r/index.html[m
	[31mmodified:   ../index.html[m
	[31mmodified:   ../index.xml[m
	[31mmodified:   ../post/index.html[m
	[31mmodified:   ../sitemap.xml[m
	[31mmodified:   ../tags/index.html[m
	[31mmodified:   ../tags/plot/index.html[m
	[31mmodified:   ../tags/r-markdown/index.html[m
	[31mmodified:   ../tags/regression/index.html[m

Untracked files:
	[31m../../content/about.html[m
	[31m../../content/about.rmd[m
	[31m../../static/about_files/[m
	[31m../../static/rmarkdown-libs/[m

no changes added to commit
]0;~/Documents/Melbourne Uni/Programs/blogdown_test/zorro/zorro/public/about6300L-127771-M:about malishev$ git commit -m 'abbout md in content w serve'[A[C[C[C[C[C[C[C[C[7Padd .
[K[A[C[C[C[C[C[C[C[C[C[C[C[C[C[C[C[C[C[C[C[C[C[C[C[C[C[C[C[C[C[C[C[C[C[C[C[C[C[C[C[C[1Ppush
Everything up-to-date
]0;~/Documents/Melbourne Uni/Programs/blogdown_test/zorro/zorro/public/about6300L-127771-M:about malishev$ git pushcommit -m 'abbout md in content w serve'[A[C[C[C[C[C[C[C[C[7Padd .
[K[A[C[C[C[C[C[C[C[C[C[C[C[C[C[C[C[C[C[C[C[C[C[C[C[C[C[C[C[C[C[C[C[C[C[C[C[C[C[C[C[C
]0;~/Documents/Melbourne Uni/Programs/blogdown_test/zorro/zorro/public/about6300L-127771-M:about malishev$ git add .[1Ppushcommit -m 'abbout md in content w serve'2'
On branch master
Your branch is up-to-date with 'origin/master'.
Changes not staged for commit:
	[31mmodified:   ../../.Rproj.user/ABE7B653/console06/6183A5A0[m
	[31mmodified:   ../../.Rproj.user/ABE7B653/console06/6183A5A0.env[m
	[31mmodified:   ../../.Rproj.user/ABE7B653/console06/INDEX001[m
	[31mmodified:   ../../.Rproj.user/ABE7B653/sources/prop/ADCCD592[m
	[31mmodified:   ../../.Rproj.user/ABE7B653/sources/prop/INDEX[m
	[31mmodified:   ../../.Rproj.user/ABE7B653/sources/s-D0BDBB21/B1725DE[m
	[31mmodified:   ../../.Rproj.user/ABE7B653/sources/s-D0BDBB21/B1725DE-contents[m
	[31mmodified:   ../../.Rproj.user/shared/notebooks/paths[m
	[31mmodified:   ../../config.toml[m
	[31mmodified:   ../../content/about.md[m
	[31mmodified:   ../2015/01/01/lorem-ipsum/index.html[m
	[31mmodified:   ../2015/07/23/hello-r-markdown/index.html[m
	[31mmodified:   ../2016/12/30/a-plain-markdown-post/index.html[m
	[31mmodified:   ../categories/index.html[m
	[31mmodified:   ../categories/r/index.html[m
	[31mmodified:   ../index.html[m
	[31mmodified:   ../index.xml[m
	[31mmodified:   ../post/index.html[m
	[31mmodified:   ../sitemap.xml[m
	[31mmodified:   ../tags/index.html[m
	[31mmodified:   ../tags/plot/index.html[m
	[31mmodified:   ../tags/r-markdown/index.html[m
	[31mmodified:   ../tags/regression/index.html[m

Untracked files:
	[31m../../content/about.html[m
	[31m../../content/about.rmd[m
	[31m../../static/about_files/[m
	[31m../../static/rmarkdown-libs/[m

no changes added to commit
]0;~/Documents/Melbourne Uni/Programs/blogdown_test/zorro/zorro/public/about6300L-127771-M:about malishev$ git commit -m 'abbout md in content w serve2'[A[C[C[C[C[C[C[C[7Padd .
[K[A[C[C[C[C[C[C[C[C[C[C[C[C[C[C[C[C[C[C[C[C[C[C[C[C[C[C[C[C[C[C[C[C[C[C[C[C[C[C[C[C[1Ppush
Everything up-to-date
]0;~/Documents/Melbourne Uni/Programs/blogdown_test/zorro/zorro/public/about6300L-127771-M:about malishev$ git pushcommit -m 'abbout md in content w serve2'[A[C[C[C[C[C[C[C[7Padd .
[K[A[C[C[C[C[C[C[C[C[C[C[C[C[C[C[C[C[C[C[C[C[C[C[C[C[C[C[C[C[C[C[C[C[C[C[C[C[C[C[C[C
]0;~/Documents/Melbourne Uni/Programs/blogdown_test/zorro/zorro/public/about6300L-127771-M:about malishev$ git add .[1Ppushcommit -m 'abbout md in content w serve2'[1P'2'[1P'3'
[master 617a7c7] about md in content w serve3
 1 file changed, 20 insertions(+), 7 deletions(-)
]0;~/Documents/Melbourne Uni/Programs/blogdown_test/zorro/zorro/public/about6300L-127771-M:about malishev$ git commit -m 'abbout md in content w serve3'[A[C[C[C[C[C[C[C[7Padd .
[K[A[C[C[C[C[C[C[C[C[C[C[C[C[C[C[C[C[C[C[C[C[C[C[C[C[C[C[C[C[C[C[C[C[C[C[C[C[C[C[C[Ccommit -m 'abbout md in content w serve3'[A[C[C[C[C[C[C[C[7Padd .
[K[A[C[C[C[C[C[C[C[C[C[C[C[C[C[C[C[C[C[C[C[C[C[C[C[C[C[C[C[C[C[C[C[C[C[C[C[C[C[C[C[C[1Ppush
Counting objects: 5, done.
Delta compression using up to 4 threads.
Compressing objects:  25% (1/4)   Compressing objects:  50% (2/4)   Compressing objects:  75% (3/4)   Compressing objects: 100% (4/4)   Compressing objects: 100% (4/4), done.
Writing objects:  20% (1/5)   Writing objects:  40% (2/5)   Writing objects:  60% (3/5)   Writing objects:  80% (4/5)   Writing objects: 100% (5/5)   Writing objects: 100% (5/5), 1.44 KiB | 0 bytes/s, done.
Total 5 (delta 3), reused 0 (delta 0)
remote: Resolving deltas:   0% (0/3)[Kremote: Resolving deltas:  33% (1/3)[Kremote: Resolving deltas:  66% (2/3)[Kremote: Resolving deltas: 100% (3/3)[Kremote: Resolving deltas: 100% (3/3), completed with 3 local objects.[K
To https://github.com/darwinanddavis/zorro
   e8cc850..617a7c7  master -> master
]0;~/Documents/Melbourne Uni/Programs/blogdown_test/zorro/zorro/public/about6300L-127771-M:about malishev$ git pushcommit -m 'abbout md in content w serve3'[A[C[C[C[C[C[C[C[7Padd .
[K[A[C[C[C[C[C[C[C[C[C[C[C[C[C[C[C[C[C[C[C[C[C[C[C[C[C[C[C[C[C[C[C[C[C[C[C[C[C[C[C[C
]0;~/Documents/Melbourne Uni/Programs/blogdown_test/zorro/zorro/public/about6300L-127771-M:about malishev$ git add .[1Ppushcommit -m 'abbout md in content w serve3'[1P'[1P'[1P'[1P'[1P'[1P'[1P'[1P'[1P'[1P'[1P'[1P'[1P'[1P'[1P'[1P'[1P'[1P'[1P'[1P'[1P'[1P'[1P'[1P'[1P'[1P'[1P'[A[C[C[C[C[C[C[C[C[C[C[C[C[C[C[C[C[C[C[C[C[C[C[C[C[C[C[C[C[C[C[C[C[C[C[C[C[C[C[C[C[C[C[C[C[C[C' [K[A[C[C[C[C[C[C[C[C[C[C[C[C[C[C[C[C[C[C[C[C[C[C[C[C[C[C[C[C[C[C[C[C[C[C[C[C[C[C[C[C[C[C[C[C[C[C[K
[K[A[C[C[C[C[C[C[C[C[C[C[C[C[C[C[C[C[C[C[C[C[C[C[C[C[C[C[C[C[C[C[C[C[C[C[C[C[C[C[C[C[C[C[C[C[C[1P' '[C' [A[C[C[C[C[C[C[C[C[C[C[C[C[C[C[C[C[C[C[C[C[C[C[C[C[C[C[C[C[C[C[C[C[C[C[C[C[C[C[C[C[C[C[C[C[C
'[A[C[C[C[C[C[C[C[C[C[C[C[C[C[C[C[C[C[C[C[C[C[C[C[C[C[C[C[C[C[C[C[C[C[C[C[C[C[C[C[C[C[C[C[C[C[Cd''e''l''e''t''e''d'' ''a''b''o''u''t''s''
> git commit -m 'deleted abouts''[C[C[C[C[C[Cadd .[K[1Ppush[K[K[K[K[K[K[K[K1
> `[K'
[master a64d972] deleted abouts 1
 1 file changed, 132 deletions(-)
 delete mode 100644 public/about/index.html
]0;~/Documents/Melbourne Uni/Programs/blogdown_test/zorro/zorro/public/about6300L-127771-M:about malishev$ git commit -m 'deeleted abouts''
1
'[A[A[A[C[C[C[C[C[C[C[C[C[C[C[C[C[C[C[C[C[C[C[C[C[C[C[C[C[C[C[C[C[C[C[C[C[C[7Padd .
[K
[K
[K[A[A[A[C[C[C[C[C[C[C[C[C[C[C[C[C[C[C[C[C[C[C[C[C[C[C[C[C[C[C[C[C[C[C[C[C[C[C[C[C[C[C[C[1Ppush
Counting objects: 3, done.
Delta compression using up to 4 threads.
Compressing objects:  33% (1/3)   Compressing objects:  66% (2/3)   Compressing objects: 100% (3/3)   Compressing objects: 100% (3/3), done.
Writing objects:  33% (1/3)   Writing objects:  66% (2/3)   Writing objects: 100% (3/3)   Writing objects: 100% (3/3), 298 bytes | 0 bytes/s, done.
Total 3 (delta 2), reused 0 (delta 0)
remote: Resolving deltas:   0% (0/2)[Kremote: Resolving deltas:  50% (1/2)[Kremote: Resolving deltas: 100% (2/2)[Kremote: Resolving deltas: 100% (2/2), completed with 2 local objects.[K
To https://github.com/darwinanddavis/zorro
   617a7c7..a64d972  master -> master
]0;~/Documents/Melbourne Uni/Programs/blogdown_test/zorro/zorro/public/about6300L-127771-M:about malishev$ git pushcommit -m 'deeleted abouts''
1
'[A[A[A[C[C[C[C[C[C[C[C[C[C[C[C[C[C[C[C[C[C[C[C[C[C[C[C[C[C[C[C[C[C[C[C[C[C[7Padd .
[K
[K
[K[A[A[A[C[C[C[C[C[C[C[C[C[C[C[C[C[C[C[C[C[C[C[C[C[C[C[C[C[C[C[C[C[C[C[C[C[C[C[C[C[C[C[C
]0;~/Documents/Melbourne Uni/Programs/blogdown_test/zorro/zorro/public/about6300L-127771-M:about malishev$ git add .[1Ppushcommit -m 'deeleted abouts''
1
'[A[A[A[C[C[C[C[C[C[C[C[C[C[C[C[C[C[C[C[C[C[C[C[C[C[C[C[C[C[C[C[C[C[C[C[C[C[C[8Ppush
[K
[K
[K[A[A[A[C[C[C[C[C[C[C[C[C[C[C[C[C[C[C[C[C[C[C[C[C[C[C[C[C[C[C[C[C[C[C[C[C[C[C[C[C[C[Cadd .[K[K[K[K[Kcommit -m '' [A[C[C[C[C[C[C[C[C[C[C[C[C[C[C[C[C[C[C[C[C[C[C[C[C[C[C[C[C[C[C[C[C[C[C[C[C[C[C[C[C[C[C[C[C[C[Cp''o's't' 't'e's't'
On branch master
Your branch is up-to-date with 'origin/master'.
Changes not staged for commit:
	[31mmodified:   ../../.Rproj.user/ABE7B653/console06/6183A5A0[m
	[31mmodified:   ../../.Rproj.user/ABE7B653/console06/6183A5A0.env[m
	[31mmodified:   ../../.Rproj.user/ABE7B653/console06/INDEX001[m
	[31mmodified:   ../../.Rproj.user/ABE7B653/sources/prop/ADCCD592[m
	[31mmodified:   ../../.Rproj.user/ABE7B653/sources/prop/EAAA5AC[m
	[31mmodified:   ../../.Rproj.user/ABE7B653/sources/prop/INDEX[m
	[31mmodified:   ../../.Rproj.user/ABE7B653/sources/s-D0BDBB21/1141DF61[m
	[31mmodified:   ../../.Rproj.user/ABE7B653/sources/s-D0BDBB21/1141DF61-contents[m
	[31mmodified:   ../../.Rproj.user/ABE7B653/sources/s-D0BDBB21/B1725DE[m
	[31mmodified:   ../../.Rproj.user/ABE7B653/sources/s-D0BDBB21/B1725DE-contents[m
	[31mmodified:   ../../.Rproj.user/shared/notebooks/paths[m
	[31mmodified:   ../../config.toml[m
	[31mdeleted:    ../../content/about.md[m
	[31mmodified:   ../2015/01/01/lorem-ipsum/index.html[m
	[31mmodified:   ../2015/07/23/hello-r-markdown/index.html[m
	[31mmodified:   ../2016/12/30/a-plain-markdown-post/index.html[m
	[31mmodified:   ../categories/index.html[m
	[31mmodified:   ../categories/r/index.html[m
	[31mmodified:   ../index.html[m
	[31mmodified:   ../index.xml[m
	[31mmodified:   ../post/index.html[m
	[31mmodified:   ../post/index.xml[m
	[31mmodified:   ../sitemap.xml[m
	[31mmodified:   ../tags/index.html[m
	[31mmodified:   ../tags/plot/index.html[m
	[31mmodified:   ../tags/r-markdown/index.html[m
	[31mmodified:   ../tags/regression/index.html[m

Untracked files:
	[31m../../content/post/2019-11-16-no-about-files-remain.md[m
	[31m../../static/about_files/[m
	[31m../../static/rmarkdown-libs/[m

no changes added to commit
]0;~/Documents/Melbourne Uni/Programs/blogdown_test/zorro/zorro/public/about6300L-127771-M:about malishev$ git commit -m 'poost test'[A[C[C[C[C[C[C[C[C[C[C[C[C[C[C[C[C[C[C[C[C[C[C[C[C[C[C[7Padd .
[K[A[C[C[C[C[C[C[C[C[C[C[C[C[C[C[C[C[C[C[C[C[C[C[C[C[C[C[C[C[C[C[C[C[C[C[C[C[C[C[C[C
]0;~/Documents/Melbourne Uni/Programs/blogdown_test/zorro/zorro/public/about6300L-127771-M:about malishev$ git add .commit -m 'poost test'
On branch master
Your branch is up-to-date with 'origin/master'.
Changes not staged for commit:
	[31mmodified:   ../../.Rproj.user/ABE7B653/console06/6183A5A0[m
	[31mmodified:   ../../.Rproj.user/ABE7B653/console06/6183A5A0.env[m
	[31mmodified:   ../../.Rproj.user/ABE7B653/console06/INDEX001[m
	[31mmodified:   ../../.Rproj.user/ABE7B653/sources/prop/ADCCD592[m
	[31mmodified:   ../../.Rproj.user/ABE7B653/sources/prop/EAAA5AC[m
	[31mmodified:   ../../.Rproj.user/ABE7B653/sources/prop/INDEX[m
	[31mmodified:   ../../.Rproj.user/ABE7B653/sources/s-D0BDBB21/1141DF61[m
	[31mmodified:   ../../.Rproj.user/ABE7B653/sources/s-D0BDBB21/1141DF61-contents[m
	[31mmodified:   ../../.Rproj.user/ABE7B653/sources/s-D0BDBB21/B1725DE[m
	[31mmodified:   ../../.Rproj.user/ABE7B653/sources/s-D0BDBB21/B1725DE-contents[m
	[31mmodified:   ../../.Rproj.user/shared/notebooks/paths[m
	[31mmodified:   ../../config.toml[m
	[31mdeleted:    ../../content/about.md[m
	[31mmodified:   ../2015/01/01/lorem-ipsum/index.html[m
	[31mmodified:   ../2015/07/23/hello-r-markdown/index.html[m
	[31mmodified:   ../2016/12/30/a-plain-markdown-post/index.html[m
	[31mmodified:   ../categories/index.html[m
	[31mmodified:   ../categories/r/index.html[m
	[31mmodified:   ../index.html[m
	[31mmodified:   ../index.xml[m
	[31mmodified:   ../post/index.html[m
	[31mmodified:   ../post/index.xml[m
	[31mmodified:   ../sitemap.xml[m
	[31mmodified:   ../tags/index.html[m
	[31mmodified:   ../tags/plot/index.html[m
	[31mmodified:   ../tags/r-markdown/index.html[m
	[31mmodified:   ../tags/regression/index.html[m

Untracked files:
	[31m../../content/post/2019-11-16-no-about-files-remain.md[m
	[31m../../static/about_files/[m
	[31m../../static/rmarkdown-libs/[m

no changes added to commit
]0;~/Documents/Melbourne Uni/Programs/blogdown_test/zorro/zorro/public/about6300L-127771-M:about malishev$ git commit -m 'poost test'[A[C[C[C[C[C[C[C[C[C[C[C[C[C[C[C[C[C[C[C[C[C[C[C[C[C[C[7Padd .
[K[A[C[C[C[C[C[C[C[C[C[C[C[C[C[C[C[C[C[C[C[C[C[C[C[C[C[C[C[C[C[C[C[C[C[C[C[C[C[C[C[C
]0;~/Documents/Melbourne Uni/Programs/blogdown_test/zorro/zorro/public/about6300L-127771-M:about malishev$ git add .commit -m 'poost test'
On branch master
Your branch is up-to-date with 'origin/master'.
Changes not staged for commit:
	[31mmodified:   ../../.Rproj.user/ABE7B653/console06/6183A5A0[m
	[31mmodified:   ../../.Rproj.user/ABE7B653/console06/6183A5A0.env[m
	[31mmodified:   ../../.Rproj.user/ABE7B653/console06/INDEX001[m
	[31mmodified:   ../../.Rproj.user/ABE7B653/sources/prop/ADCCD592[m
	[31mmodified:   ../../.Rproj.user/ABE7B653/sources/prop/EAAA5AC[m
	[31mmodified:   ../../.Rproj.user/ABE7B653/sources/prop/INDEX[m
	[31mmodified:   ../../.Rproj.user/ABE7B653/sources/s-D0BDBB21/1141DF61[m
	[31mmodified:   ../../.Rproj.user/ABE7B653/sources/s-D0BDBB21/1141DF61-contents[m
	[31mmodified:   ../../.Rproj.user/ABE7B653/sources/s-D0BDBB21/B1725DE[m
	[31mmodified:   ../../.Rproj.user/ABE7B653/sources/s-D0BDBB21/B1725DE-contents[m
	[31mmodified:   ../../.Rproj.user/shared/notebooks/paths[m
	[31mmodified:   ../../config.toml[m
	[31mdeleted:    ../../content/about.md[m
	[31mmodified:   ../2015/01/01/lorem-ipsum/index.html[m
	[31mmodified:   ../2015/07/23/hello-r-markdown/index.html[m
	[31mmodified:   ../2016/12/30/a-plain-markdown-post/index.html[m
	[31mmodified:   ../categories/index.html[m
	[31mmodified:   ../categories/r/index.html[m
	[31mmodified:   ../index.html[m
	[31mmodified:   ../index.xml[m
	[31mmodified:   ../post/index.html[m
	[31mmodified:   ../post/index.xml[m
	[31mmodified:   ../sitemap.xml[m
	[31mmodified:   ../tags/index.html[m
	[31mmodified:   ../tags/plot/index.html[m
	[31mmodified:   ../tags/r-markdown/index.html[m
	[31mmodified:   ../tags/regression/index.html[m

Untracked files:
	[31m../../content/post/2019-11-16-no-about-files-remain.html[m
	[31m../../content/post/2019-11-16-no-about-files-remain.md[m
	[31m../../static/about_files/[m
	[31m../../static/rmarkdown-libs/[m

no changes added to commit
]0;~/Documents/Melbourne Uni/Programs/blogdown_test/zorro/zorro/public/about6300L-127771-M:about malishev$ git commit -m 'poost test'[A[C[C[C[C[C[C[C[C[C[C[C[C[C[C[C[C[C[C[C[C[C[C[K
[K[A[C[C[C[C[C[C[C[C[C[C[C[C[C[C[C[C[C[C[C[C[C[C[C[C[C[C[C[C[C[C[Cgit commit -m 'poost test'[A[C[C[C[C[C[C[C[C[C[C[C[C[C[C[C[C[C[C[C[C[C[C[C[C[C[C[7Padd .
[K[A[C[C[C[C[C[C[C[C[C[C[C[C[C[C[C[C[C[C[C[C[C[C[C[C[C[C[C[C[C[C[C[C[C[C[C[C[C[C[C[C
]0;~/Documents/Melbourne Uni/Programs/blogdown_test/zorro/zorro/public/about6300L-127771-M:about malishev$ git add .commit -m 'poost test'[A[C[C[C[C[C[C[C[C[C[C[C[C[C[C[C[C[C[C[C[C[C[C[C[C[C[C[7Padd .
[K[A[C[C[C[C[C[C[C[C[C[C[C[C[C[C[C[C[C[C[C[C[C[C[C[C[C[C[C[C[C[C[C[C[C[C[C[C[C[C[C[Ccommit -m 'poost test' '2'
On branch master
Your branch is up-to-date with 'origin/master'.
Changes not staged for commit:
	[31mmodified:   ../../.Rproj.user/ABE7B653/console06/6183A5A0[m
	[31mmodified:   ../../.Rproj.user/ABE7B653/console06/6183A5A0.env[m
	[31mmodified:   ../../.Rproj.user/ABE7B653/console06/INDEX001[m
	[31mmodified:   ../../.Rproj.user/ABE7B653/sources/prop/ADCCD592[m
	[31mmodified:   ../../.Rproj.user/ABE7B653/sources/prop/EAAA5AC[m
	[31mmodified:   ../../.Rproj.user/ABE7B653/sources/prop/INDEX[m
	[31mmodified:   ../../.Rproj.user/ABE7B653/sources/s-D0BDBB21/1141DF61[m
	[31mmodified:   ../../.Rproj.user/ABE7B653/sources/s-D0BDBB21/1141DF61-contents[m
	[31mmodified:   ../../.Rproj.user/ABE7B653/sources/s-D0BDBB21/B1725DE[m
	[31mmodified:   ../../.Rproj.user/ABE7B653/sources/s-D0BDBB21/B1725DE-contents[m
	[31mmodified:   ../../.Rproj.user/shared/notebooks/paths[m
	[31mmodified:   ../../config.toml[m
	[31mdeleted:    ../../content/about.md[m
	[31mmodified:   ../2015/01/01/lorem-ipsum/index.html[m
	[31mmodified:   ../2015/07/23/hello-r-markdown/index.html[m
	[31mmodified:   ../2016/12/30/a-plain-markdown-post/index.html[m
	[31mmodified:   ../categories/index.html[m
	[31mmodified:   ../categories/r/index.html[m
	[31mmodified:   ../categories/r/index.xml[m
	[31mmodified:   ../index.html[m
	[31mmodified:   ../index.xml[m
	[31mmodified:   ../post/index.html[m
	[31mmodified:   ../post/index.xml[m
	[31mmodified:   ../sitemap.xml[m
	[31mmodified:   ../tags/index.html[m
	[31mmodified:   ../tags/plot/index.html[m
	[31mmodified:   ../tags/plot/index.xml[m
	[31mmodified:   ../tags/r-markdown/index.html[m
	[31mmodified:   ../tags/r-markdown/index.xml[m
	[31mmodified:   ../tags/regression/index.html[m
	[31mmodified:   ../tags/regression/index.xml[m

Untracked files:
	[31m../../content/post/2019-11-16-new-post-test.Rmd[m
	[31m../../content/post/2019-11-16-new-post-test.html[m
	[31m../../content/post/2019-11-16-new-post-test.md[m
	[31m../../content/post/2019-11-16-no-about-files-remain.html[m
	[31m../../content/post/2019-11-16-no-about-files-remain.md[m
	[31m../../static/about_files/[m
	[31m../../static/rmarkdown-libs/[m

no changes added to commit
]0;~/Documents/Melbourne Uni/Programs/blogdown_test/zorro/zorro/public/about6300L-127771-M:about malishev$ git commit -m 'poost test 2'[A[C[C[C[C[C[C[C[C[C[C[C[C[C[C[C[C[C[C[C[C[K
[K[A[C[C[C[C[C[C[C[C[C[C[C[C[C[C[C[C[C[C[C[C[C[C[C[C[C[C[C[C[C[C[Cgit add .
]0;~/Documents/Melbourne Uni/Programs/blogdown_test/zorro/zorro/public/about6300L-127771-M:about malishev$ git commit -m '' [A[C[C[C[C[C[C[C[C[C[C[C[C[C[C[C[C[C[C[C[C[C[C[C[C[C[C[C[C[C[C[C[C[C[C[C[C[C[C[C[C[C[C[C[C[C[Cn''p'
On branch master
Your branch is up-to-date with 'origin/master'.
Changes not staged for commit:
	[31mmodified:   ../../.Rproj.user/ABE7B653/console06/6183A5A0[m
	[31mmodified:   ../../.Rproj.user/ABE7B653/console06/6183A5A0.env[m
	[31mmodified:   ../../.Rproj.user/ABE7B653/console06/INDEX001[m
	[31mmodified:   ../../.Rproj.user/ABE7B653/sources/prop/ADCCD592[m
	[31mmodified:   ../../.Rproj.user/ABE7B653/sources/prop/EAAA5AC[m
	[31mmodified:   ../../.Rproj.user/ABE7B653/sources/prop/INDEX[m
	[31mmodified:   ../../.Rproj.user/ABE7B653/sources/s-D0BDBB21/1141DF61[m
	[31mmodified:   ../../.Rproj.user/ABE7B653/sources/s-D0BDBB21/1141DF61-contents[m
	[31mmodified:   ../../.Rproj.user/ABE7B653/sources/s-D0BDBB21/B1725DE[m
	[31mmodified:   ../../.Rproj.user/ABE7B653/sources/s-D0BDBB21/B1725DE-contents[m
	[31mmodified:   ../../.Rproj.user/shared/notebooks/paths[m
	[31mmodified:   ../../config.toml[m
	[31mdeleted:    ../../content/about.md[m
	[31mmodified:   ../2015/01/01/lorem-ipsum/index.html[m
	[31mmodified:   ../2015/07/23/hello-r-markdown/index.html[m
	[31mmodified:   ../2016/12/30/a-plain-markdown-post/index.html[m
	[31mmodified:   ../categories/index.html[m
	[31mmodified:   ../categories/r/index.html[m
	[31mmodified:   ../categories/r/index.xml[m
	[31mmodified:   ../index.html[m
	[31mmodified:   ../index.xml[m
	[31mmodified:   ../post/index.html[m
	[31mmodified:   ../post/index.xml[m
	[31mmodified:   ../sitemap.xml[m
	[31mmodified:   ../tags/index.html[m
	[31mmodified:   ../tags/plot/index.html[m
	[31mmodified:   ../tags/plot/index.xml[m
	[31mmodified:   ../tags/r-markdown/index.html[m
	[31mmodified:   ../tags/r-markdown/index.xml[m
	[31mmodified:   ../tags/regression/index.html[m
	[31mmodified:   ../tags/regression/index.xml[m

Untracked files:
	[31m../../content/post/2019-11-16-new-post-test.Rmd[m
	[31m../../content/post/2019-11-16-new-post-test.html[m
	[31m../../content/post/2019-11-16-new-post-test.md[m
	[31m../../content/post/2019-11-16-no-about-files-remain.html[m
	[31m../../content/post/2019-11-16-no-about-files-remain.md[m
	[31m../../static/about_files/[m
	[31m../../static/rmarkdown-libs/[m

no changes added to commit
]0;~/Documents/Melbourne Uni/Programs/blogdown_test/zorro/zorro/public/about6300L-127771-M:about malishev$ git push
Everything up-to-date
]0;~/Documents/Melbourne Uni/Programs/blogdown_test/zorro/zorro/public/about6300L-127771-M:about malishev$ git remote --v
origin	https://github.com/darwinanddavis/zorro (fetch)
origin	https://github.com/darwinanddavis/zorro (push)
]0;~/Documents/Melbourne Uni/Programs/blogdown_test/zorro/zorro/public/about6300L-127771-M:about malishev$ pwd
/Users/malishev/Documents/Melbourne Uni/Programs/blogdown_test/zorro/zorro/public/about
]0;~/Documents/Melbourne Uni/Programs/blogdown_test/zorro/zorro/public/about6300L-127771-M:about malishev$ cd ..
]0;~/Documents/Melbourne Uni/Programs/blogdown_test/zorro/zorro/public6300L-127771-M:public malishev$ pwd
/Users/malishev/Documents/Melbourne Uni/Programs/blogdown_test/zorro/zorro/public
]0;~/Documents/Melbourne Uni/Programs/blogdown_test/zorro/zorro/public6300L-127771-M:public malishev$ cd ..
]0;~/Documents/Melbourne Uni/Programs/blogdown_test/zorro/zorro6300L-127771-M:zorro malishev$ lwd[K[K[Kpwd
/Users/malishev/Documents/Melbourne Uni/Programs/blogdown_test/zorro/zorro
]0;~/Documents/Melbourne Uni/Programs/blogdown_test/zorro/zorro6300L-127771-M:zorro malishev$ git add .
]0;~/Documents/Melbourne Uni/Programs/blogdown_test/zorro/zorro6300L-127771-M:zorro malishev$ git commi t-[K[K[Kt 0m [K[K[K-m '' [A[C[C[C[C[C[C[C[C[C[C[C[C[C[C[C[C[C[C[C[C[C[C[C[C[C[C[C[C[C[C[C[C[C[C[C[C[C[C[C[C[C[C[C[C[C[Cp''o's't'
[master 9c14305] post
 51 files changed, 5616 insertions(+), 333 deletions(-)
 delete mode 100644 content/about.md
 create mode 100644 content/post/2019-11-16-new-post-test.Rmd
 create mode 100644 content/post/2019-11-16-new-post-test.html
 create mode 100644 content/post/2019-11-16-new-post-test.md
 copy public/index.html => content/post/2019-11-16-no-about-files-remain.html (99%)
 create mode 100644 content/post/2019-11-16-no-about-files-remain.md
 rewrite public/index.html (99%)
 create mode 100644 static/about_files/figure-markdown_strict/unnamed-chunk-1-1.png
 create mode 100644 static/rmarkdown-libs/Proj4Leaflet/proj4-compressed.js
 create mode 100644 static/rmarkdown-libs/Proj4Leaflet/proj4leaflet.js
 create mode 100644 static/rmarkdown-libs/htmlwidgets/htmlwidgets.js
 create mode 100644 static/rmarkdown-libs/jquery/jquery.min.js
 create mode 100644 static/rmarkdown-libs/leaflet-binding/leaflet.js
 create mode 100644 static/rmarkdown-libs/leaflet/images/layers-2x.png
 create mode 100644 static/rmarkdown-libs/leaflet/images/layers.png
 create mode 100644 static/rmarkdown-libs/leaflet/images/marker-icon-2x.png
 create mode 100644 static/rmarkdown-libs/leaflet/images/marker-icon.png
 create mode 100644 static/rmarkdown-libs/leaflet/images/marker-shadow.png
 create mode 100644 static/rmarkdown-libs/leaflet/leaflet.css
 create mode 100644 static/rmarkdown-libs/leaflet/leaflet.js
 create mode 100644 static/rmarkdown-libs/leafletfix/leafletfix.css
 create mode 100644 static/rmarkdown-libs/rstudio_leaflet/images/1px.png
 create mode 100644 static/rmarkdown-libs/rstudio_leaflet/rstudio_leaflet.css
]0;~/Documents/Melbourne Uni/Programs/blogdown_test/zorro/zorro6300L-127771-M:zorro malishev$ git push
Counting objects: 93, done.
Delta compression using up to 4 threads.
Compressing objects:   1% (1/74)   Compressing objects:   2% (2/74)   Compressing objects:   4% (3/74)   Compressing objects:   5% (4/74)   Compressing objects:   6% (5/74)   Compressing objects:   8% (6/74)   Compressing objects:   9% (7/74)   Compressing objects:  10% (8/74)   Compressing objects:  12% (9/74)   Compressing objects:  13% (10/74)   Compressing objects:  14% (11/74)   Compressing objects:  16% (12/74)   Compressing objects:  17% (13/74)   Compressing objects:  18% (14/74)   Compressing objects:  20% (15/74)   Compressing objects:  21% (16/74)   Compressing objects:  22% (17/74)   Compressing objects:  24% (18/74)   Compressing objects:  25% (19/74)   Compressing objects:  27% (20/74)   Compressing objects:  28% (21/74)   Compressing objects:  29% (22/74)   Compressing objects:  31% (23/74)   Compressing objects:  32% (24/74)   Compressing objects:  33% (25/74)   Compressing objects:  35% (26/74)   Compressing objects:  36% (27/74)   Compressing objects:  37% (28/74)   Compressing objects:  39% (29/74)   Compressing objects:  40% (30/74)   Compressing objects:  41% (31/74)   Compressing objects:  43% (32/74)   Compressing objects:  44% (33/74)   Compressing objects:  45% (34/74)   Compressing objects:  47% (35/74)   Compressing objects:  48% (36/74)   Compressing objects:  50% (37/74)   Compressing objects:  51% (38/74)   Compressing objects:  52% (39/74)   Compressing objects:  54% (40/74)   Compressing objects:  55% (41/74)   Compressing objects:  56% (42/74)   Compressing objects:  58% (43/74)   Compressing objects:  59% (44/74)   Compressing objects:  60% (45/74)   Compressing objects:  62% (46/74)   Compressing objects:  63% (47/74)   Compressing objects:  64% (48/74)   Compressing objects:  66% (49/74)   Compressing objects:  67% (50/74)   Compressing objects:  68% (51/74)   Compressing objects:  70% (52/74)   Compressing objects:  71% (53/74)   Compressing objects:  72% (54/74)   Compressing objects:  74% (55/74)   Compressing objects:  75% (56/74)   Compressing objects:  77% (57/74)   Compressing objects:  78% (58/74)   Compressing objects:  79% (59/74)   Compressing objects:  81% (60/74)   Compressing objects:  82% (61/74)   Compressing objects:  83% (62/74)   Compressing objects:  85% (63/74)   Compressing objects:  86% (64/74)   Compressing objects:  87% (65/74)   Compressing objects:  89% (66/74)   Compressing objects:  90% (67/74)   Compressing objects:  91% (68/74)   Compressing objects:  93% (69/74)   Compressing objects:  94% (70/74)   Compressing objects:  95% (71/74)   Compressing objects:  97% (72/74)   Compressing objects:  98% (73/74)   Compressing objects: 100% (74/74)   Compressing objects: 100% (74/74), done.
Writing objects:   1% (1/93)   Writing objects:   2% (2/93)   Writing objects:   3% (3/93)   Writing objects:   4% (4/93)   Writing objects:   5% (5/93)   Writing objects:   6% (6/93)   Writing objects:   7% (7/93)   Writing objects:   8% (8/93)   Writing objects:   9% (9/93)   Writing objects:  10% (10/93)   Writing objects:  11% (11/93)   Writing objects:  12% (12/93)   Writing objects:  13% (13/93)   Writing objects:  15% (14/93)   Writing objects:  16% (15/93)   Writing objects:  17% (16/93)   Writing objects:  18% (17/93)   Writing objects:  19% (18/93)   Writing objects:  20% (19/93)   Writing objects:  21% (20/93)   Writing objects:  22% (21/93)   Writing objects:  23% (22/93)   Writing objects:  24% (23/93)   Writing objects:  25% (24/93)   Writing objects:  26% (25/93)   Writing objects:  27% (26/93)   Writing objects:  29% (27/93)   Writing objects:  30% (28/93)   Writing objects:  31% (29/93)   Writing objects:  32% (30/93)   Writing objects:  33% (31/93)   Writing objects:  34% (32/93)   Writing objects:  35% (33/93)   Writing objects:  36% (34/93)   Writing objects:  37% (35/93)   Writing objects:  38% (36/93)   Writing objects:  40% (38/93)   Writing objects:  41% (39/93)   Writing objects:  43% (40/93)   Writing objects:  44% (41/93)   Writing objects:  45% (42/93)   Writing objects:  46% (43/93)   Writing objects:  47% (44/93)   Writing objects:  48% (45/93)   Writing objects:  49% (46/93)   Writing objects:  52% (49/93)   Writing objects:  53% (50/93)   Writing objects:  54% (51/93)   Writing objects:  55% (52/93)   Writing objects:  56% (53/93)   Writing objects:  58% (54/93)   Writing objects:  59% (55/93)   Writing objects:  61% (57/93)   Writing objects:  62% (58/93)   Writing objects:  63% (59/93)   Writing objects:  64% (60/93)   Writing objects:  65% (61/93)   Writing objects:  66% (62/93)   Writing objects:  67% (63/93)   Writing objects:  68% (64/93)   Writing objects:  69% (65/93)   Writing objects:  70% (66/93)   Writing objects:  72% (67/93)   Writing objects:  73% (68/93)   Writing objects:  74% (69/93)   Writing objects:  75% (70/93)   Writing objects:  76% (71/93)   Writing objects:  77% (72/93)   Writing objects:  78% (73/93)   Writing objects:  79% (74/93)   Writing objects:  80% (75/93)   Writing objects:  81% (76/93)   Writing objects:  82% (77/93)   Writing objects:  83% (78/93)   Writing objects:  84% (79/93)   Writing objects:  86% (80/93)   Writing objects:  87% (81/93)   Writing objects:  88% (82/93)   Writing objects:  89% (83/93)   Writing objects:  90% (84/93)   Writing objects:  91% (85/93)   Writing objects:  92% (86/93)   Writing objects:  93% (87/93)   Writing objects:  94% (88/93)   Writing objects:  95% (89/93)   Writing objects:  96% (90/93)   Writing objects:  97% (91/93)   Writing objects:  98% (92/93)   Writing objects: 100% (93/93)   Writing objects: 100% (93/93), 553.45 KiB | 0 bytes/s, done.
Total 93 (delta 27), reused 0 (delta 0)
remote: Resolving deltas:   0% (0/27)[Kremote: Resolving deltas:   7% (2/27)[Kremote: Resolving deltas:  25% (7/27)[Kremote: Resolving deltas:  29% (8/27)[Kremote: Resolving deltas:  37% (10/27)[Kremote: Resolving deltas:  40% (11/27)[Kremote: Resolving deltas:  44% (12/27)[Kremote: Resolving deltas:  48% (13/27)[Kremote: Resolving deltas:  51% (14/27)[Kremote: Resolving deltas:  55% (15/27)[Kremote: Resolving deltas:  59% (16/27)[Kremote: Resolving deltas:  62% (17/27)[Kremote: Resolving deltas:  70% (19/27)[Kremote: Resolving deltas:  74% (20/27)[Kremote: Resolving deltas:  81% (22/27)[Kremote: Resolving deltas:  85% (23/27)[Kremote: Resolving deltas:  96% (26/27)[Kremote: Resolving deltas: 100% (27/27)[Kremote: Resolving deltas: 100% (27/27), completed with 15 local objects.[K
To https://github.com/darwinanddavis/zorro
   a64d972..9c14305  master -> master
]0;~/Documents/Melbourne Uni/Programs/blogdown_test/zorro/zorro6300L-127771-M:zorro malishev$ git add .
]0;~/Documents/Melbourne Uni/Programs/blogdown_test/zorro/zorro6300L-127771-M:zorro malishev$ git commit -mm [K[K '' [A[C[C[C[C[C[C[C[C[C[C[C[C[C[C[C[C[C[C[C[C[C[C[C[C[C[C[C[C[C[C[C[C[C[C[C[C[C[C[C[C[C[C[C[C[C[Cr''m' 'p'o's't' 'd'o'[1P'[1P'f'o'l'd'e'r's'
[master e960d53] rm post folders
 5 files changed, 38 insertions(+), 412 deletions(-)
 delete mode 100644 public/2015/01/01/lorem-ipsum/index.html
 delete mode 100644 public/2015/07/23/hello-r-markdown/index.html
 delete mode 100644 public/2016/12/30/a-plain-markdown-post/index.html
]0;~/Documents/Melbourne Uni/Programs/blogdown_test/zorro/zorro6300L-127771-M:zorro malishev$ git push
Counting objects: 8, done.
Delta compression using up to 4 threads.
Compressing objects:  12% (1/8)   Compressing objects:  25% (2/8)   Compressing objects:  37% (3/8)   Compressing objects:  50% (4/8)   Compressing objects:  62% (5/8)   Compressing objects:  75% (6/8)   Compressing objects:  87% (7/8)   Compressing objects: 100% (8/8)   Compressing objects: 100% (8/8), done.
Writing objects:  12% (1/8)   Writing objects:  25% (2/8)   Writing objects:  37% (3/8)   Writing objects:  50% (4/8)   Writing objects:  62% (5/8)   Writing objects:  75% (6/8)   Writing objects:  87% (7/8)   Writing objects: 100% (8/8)   Writing objects: 100% (8/8), 2.14 KiB | 0 bytes/s, done.
Total 8 (delta 4), reused 0 (delta 0)
remote: Resolving deltas:   0% (0/4)[Kremote: Resolving deltas:  25% (1/4)[Kremote: Resolving deltas:  50% (2/4)[Kremote: Resolving deltas:  75% (3/4)[Kremote: Resolving deltas: 100% (4/4)[Kremote: Resolving deltas: 100% (4/4), completed with 4 local objects.[K
To https://github.com/darwinanddavis/zorro
   9c14305..e960d53  master -> master
]0;~/Documents/Melbourne Uni/Programs/blogdown_test/zorro/zorro6300L-127771-M:zorro malishev$ git pushcommit -m 'rmm post folders'[A[C[C[C[C[C[C[C[C[C[C[C[C[C[C[C[C[C[C[C[C[7Padd .
[K[A[C[C[C[C[C[C[C[C[C[C[C[C[C[C[C[C[C[C[C[C[C[C[C[C[C[C[C[C[C[C[C[C[C[C[C[C[C[C[C[C
]0;~/Documents/Melbourne Uni/Programs/blogdown_test/zorro/zorro6300L-127771-M:zorro malishev$ git add .[1Ppushcommit -m 'rmm post folders'2'
[master 2b1af75] rm post folders2
 5 files changed, 21 insertions(+), 7 deletions(-)
]0;~/Documents/Melbourne Uni/Programs/blogdown_test/zorro/zorro6300L-127771-M:zorro malishev$ git commit -m 'rmm post folders2'[A[C[C[C[C[C[C[C[C[C[C[C[C[C[C[C[C[C[C[C[7Padd .
[K[A[C[C[C[C[C[C[C[C[C[C[C[C[C[C[C[C[C[C[C[C[C[C[C[C[C[C[C[C[C[C[C[C[C[C[C[C[C[C[C[C[1Ppush
Counting objects: 14, done.
Delta compression using up to 4 threads.
Compressing objects:   7% (1/13)   Compressing objects:  15% (2/13)   Compressing objects:  23% (3/13)   Compressing objects:  30% (4/13)   Compressing objects:  38% (5/13)   Compressing objects:  46% (6/13)   Compressing objects:  53% (7/13)   Compressing objects:  61% (8/13)   Compressing objects:  69% (9/13)   Compressing objects:  76% (10/13)   Compressing objects:  84% (11/13)   Compressing objects:  92% (12/13)   Compressing objects: 100% (13/13)   Compressing objects: 100% (13/13), done.
Writing objects:   7% (1/14)   Writing objects:  14% (2/14)   Writing objects:  21% (3/14)   Writing objects:  28% (4/14)   Writing objects:  35% (5/14)   Writing objects:  42% (6/14)   Writing objects:  50% (7/14)   Writing objects:  57% (8/14)   Writing objects:  64% (9/14)   Writing objects:  71% (10/14)   Writing objects:  78% (11/14)   Writing objects:  85% (12/14)   Writing objects:  92% (13/14)   Writing objects: 100% (14/14)   Writing objects: 100% (14/14), 1.42 KiB | 0 bytes/s, done.
Total 14 (delta 9), reused 0 (delta 0)
remote: Resolving deltas:   0% (0/9)[Kremote: Resolving deltas:  11% (1/9)[Kremote: Resolving deltas:  22% (2/9)[Kremote: Resolving deltas:  33% (3/9)[Kremote: Resolving deltas:  44% (4/9)[Kremote: Resolving deltas:  55% (5/9)[Kremote: Resolving deltas:  66% (6/9)[Kremote: Resolving deltas:  77% (7/9)[Kremote: Resolving deltas:  88% (8/9)[Kremote: Resolving deltas: 100% (9/9)[Kremote: Resolving deltas: 100% (9/9), completed with 9 local objects.[K
To https://github.com/darwinanddavis/zorro
   e960d53..2b1af75  master -> master
]0;~/Documents/Melbourne Uni/Programs/blogdown_test/zorro/zorro6300L-127771-M:zorro malishev$ git pushcommit -m 'rmm post folders2'[A[C[C[C[C[C[C[C[C[C[C[C[C[C[C[C[C[C[C[C[7Padd .
[K[A[C[C[C[C[C[C[C[C[C[C[C[C[C[C[C[C[C[C[C[C[C[C[C[C[C[C[C[C[C[C[C[C[C[C[C[C[C[C[C[C
