]0;~/Documents/Melbourne Uni/Programs/blogdown_test/zorro/zorro[?1034h6300L-127771-M:zorro malishev$ [K6300L-127771-M:zorro malishev$ git init
Initialized empty Git repository in /Users/malishev/Documents/Melbourne Uni/Programs/blogdown_test/zorro/zorro/.git/
]0;~/Documents/Melbourne Uni/Programs/blogdown_test/zorro/zorro6300L-127771-M:zorro malishev$ pwd
/Users/malishev/Documents/Melbourne Uni/Programs/blogdown_test/zorro/zorro
]0;~/Documents/Melbourne Uni/Programs/blogdown_test/zorro/zorro6300L-127771-M:zorro malishev$ git add .
]0;~/Documents/Melbourne Uni/Programs/blogdown_test/zorro/zorro6300L-127771-M:zorro malishev$ git co[K[Kcommit -m '' [A[C[C[C[C[C[C[C[C[C[C[C[C[C[C[C[C[C[C[C[C[C[C[C[C[C[C[C[C[C[C[C[C[C[C[C[C[C[C[C[C[C[C[C[C[C[Cs''i't'e' 'i'n'i't'
[master (root-commit) 3279c00] site init
 84 files changed, 3133 insertions(+)
 create mode 100644 .Rproj.user/ABE7B653/console06/6183A5A0
 create mode 100644 .Rproj.user/ABE7B653/console06/6183A5A0.env
 create mode 100644 .Rproj.user/ABE7B653/console06/INDEX001
 create mode 100644 .Rproj.user/ABE7B653/sources/prop/ADCCD592
 create mode 100644 .Rproj.user/ABE7B653/sources/prop/INDEX
 create mode 100644 .Rproj.user/ABE7B653/sources/s-D0BDBB21/1141DF61
 create mode 100644 .Rproj.user/ABE7B653/sources/s-D0BDBB21/1141DF61-contents
 create mode 100644 .Rproj.user/ABE7B653/sources/s-D0BDBB21/B1725DE
 create mode 100644 .Rproj.user/ABE7B653/sources/s-D0BDBB21/B1725DE-contents
 create mode 100644 .Rproj.user/ABE7B653/sources/s-D0BDBB21/lock_file
 create mode 100644 .Rproj.user/shared/notebooks/patch-chunk-names
 create mode 100644 config.toml
 create mode 100644 content/about.md
 create mode 100644 content/post/2015-01-01-lorem-ipsum.md
 create mode 100644 content/post/2015-07-23-r-rmarkdown.Rmd
 create mode 100644 content/post/2015-07-23-r-rmarkdown.html
 create mode 100644 content/post/2016-12-30-hello-markdown.md
 create mode 100644 index.Rmd
 create mode 100644 public/.gitkeep
 create mode 100644 public/2015/01/01/lorem-ipsum/index.html
 create mode 100644 public/2015/07/23/hello-r-markdown/index.html
 create mode 100644 public/2016/12/30/a-plain-markdown-post/index.html
 create mode 100644 public/about/index.html
 create mode 100644 public/categories/index.html
 create mode 100644 public/categories/index.xml
 create mode 100644 public/categories/r/index.html
 create mode 100644 public/categories/r/index.xml
 create mode 100644 public/css/fonts.css
 create mode 100644 public/css/main.css
 create mode 100644 public/favicon.ico
 create mode 100644 public/fonts/lato-v11-latin-regular.woff
 create mode 100644 public/fonts/lato-v11-latin-regular.woff2
 create mode 100644 public/fonts/merriweather-v13-latin-regular.woff
 create mode 100644 public/fonts/merriweather-v13-latin-regular.woff2
 create mode 100644 public/images/hugo-logo.png
 create mode 100644 public/images/logo.png
 create mode 100644 public/index.html
 create mode 100644 public/index.xml
 create mode 100644 public/js/math-code.js
 create mode 100644 public/post/2015-07-23-r-rmarkdown_files/figure-html/pie-1.png
 create mode 100644 public/post/index.html
 create mode 100644 public/post/index.xml
 create mode 100644 public/sitemap.xml
 create mode 100644 public/tags/index.html
 create mode 100644 public/tags/index.xml
 create mode 100644 public/tags/plot/index.html
 create mode 100644 public/tags/plot/index.xml
 create mode 100644 public/tags/r-markdown/index.html
 create mode 100644 public/tags/r-markdown/index.xml
 create mode 100644 public/tags/regression/index.html
 create mode 100644 public/tags/regression/index.xml
 create mode 100644 static/.gitkeep
 create mode 100644 static/post/2015-07-23-r-rmarkdown_files/figure-html/pie-1.png
 create mode 100644 themes/hugo-lithium/.gitignore
 create mode 100644 themes/hugo-lithium/LICENSE.md
 create mode 100644 themes/hugo-lithium/README.md
 create mode 100644 themes/hugo-lithium/archetypes/default.md
 create mode 100644 themes/hugo-lithium/exampleSite/config.toml
 create mode 100644 themes/hugo-lithium/exampleSite/content/about.md
 create mode 100644 themes/hugo-lithium/exampleSite/content/post/2015-01-01-lorem-ipsum.md
 create mode 100644 themes/hugo-lithium/exampleSite/content/post/2016-12-30-hello-markdown.md
 create mode 100644 themes/hugo-lithium/exampleSite/static/.gitkeep
 create mode 100644 themes/hugo-lithium/layouts/_default/list.html
 create mode 100644 themes/hugo-lithium/layouts/_default/single.html
 create mode 100644 themes/hugo-lithium/layouts/partials/disqus.html
 create mode 100644 themes/hugo-lithium/layouts/partials/footer.html
 create mode 100644 themes/hugo-lithium/layouts/partials/footer_highlightjs.html
 create mode 100644 themes/hugo-lithium/layouts/partials/footer_mathjax.html
 create mode 100644 themes/hugo-lithium/layouts/partials/head.html
 create mode 100644 themes/hugo-lithium/layouts/partials/head_custom.html
 create mode 100644 themes/hugo-lithium/layouts/partials/head_highlightjs.html
 create mode 100644 themes/hugo-lithium/layouts/partials/header.html
 create mode 100644 themes/hugo-lithium/layouts/partials/nav.html
 create mode 100644 themes/hugo-lithium/static/css/fonts.css
 create mode 100644 themes/hugo-lithium/static/css/main.css
 create mode 100644 themes/hugo-lithium/static/favicon.ico
 create mode 100644 themes/hugo-lithium/static/fonts/lato-v11-latin-regular.woff
 create mode 100644 themes/hugo-lithium/static/fonts/lato-v11-latin-regular.woff2
 create mode 100644 themes/hugo-lithium/static/fonts/merriweather-v13-latin-regular.woff
 create mode 100644 themes/hugo-lithium/static/fonts/merriweather-v13-latin-regular.woff2
 create mode 100644 themes/hugo-lithium/static/images/hugo-logo.png
 create mode 100644 themes/hugo-lithium/static/images/logo.png
 create mode 100644 themes/hugo-lithium/static/js/math-code.js
 create mode 100644 zorro.Rproj
]0;~/Documents/Melbourne Uni/Programs/blogdown_test/zorro/zorro6300L-127771-M:zorro malishev$ git push [K[K[K[K[Kset[K[K[Kremote set-u rl origin ''h't't'p's':'/'/'g'i't'h'u'b'.'c'o'm'/'d'a'r'w'i'n'a'n'd'd'a'v'i's'/'z' [A[C[C[C[C[C[C[C[C[C[C[C[C[C[C[C[C[C[C[C[C[C[C[C[C[C[C[C[C[C[C[C[C[C[C[C[C[C[C[C[C[C[C[C[C[Co''r'r'o'
fatal: No such remote 'origin'
]0;~/Documents/Melbourne Uni/Programs/blogdown_test/zorro/zorro6300L-127771-M:zorro malishev$ git remote set-urrl origin 'https://github.com/darwinanddavis/zorrro'[A[A[C[C[C[C[C[C[C[C[C[C[C[C[C[C[C[C[C[C[C[C[C[C[C[C[C[C[C[K
[K
[K[A[A[C[C[C[C[C[C[C[C[C[C[C[C[C[C[C[C[C[C[C[C[C[C[C[C[C[C[C[C[C[C[Cgit remote add p ro[K[K[A[C[C[C[C[C[C[C[C[C[C[C[C[C[C[C[C[C[C[C[C[C[C[C[C[C[C[C[C[C[C[C[C[C[C[C[C[C[C[C[C[C[C[C[C[C[C[K
[K[A[C[C[C[C[C[C[C[C[C[C[C[C[C[C[C[C[C[C[C[C[C[C[C[C[C[C[C[C[C[C[C[C[C[C[C[C[C[C[C[C[C[C[C[C[C[C[K o rigin ''h't't'p's':'/'/'g'i't'h'u'b'.'c'o'm'/'d'a'r'w'i'n'a'n'd'd'a'v'i's'/'z'o'r'r'o' [A[C[C[C[C[C[C[C[C[C[C[C[C[C[C[C[C[C[C[C[C[C[C[C[C[C[C[C[C[C[C[C[C[C[C[C[C[C[C[C[C[C[C[C[C[C

]0;~/Documents/Melbourne Uni/Programs/blogdown_test/zorro/zorro6300L-127771-M:zorro malishev$ git remote --v
origin	https://github.com/darwinanddavis/zorro (fetch)
origin	https://github.com/darwinanddavis/zorro (push)
]0;~/Documents/Melbourne Uni/Programs/blogdown_test/zorro/zorro6300L-127771-M:zorro malishev$ git push origin  master
Counting objects: 117, done.
Delta compression using up to 4 threads.
Compressing objects:   1% (1/93)   Compressing objects:   2% (2/93)   Compressing objects:   3% (3/93)   Compressing objects:   4% (4/93)   Compressing objects:   5% (5/93)   Compressing objects:   6% (6/93)   Compressing objects:   7% (7/93)   Compressing objects:   8% (8/93)   Compressing objects:   9% (9/93)   Compressing objects:  10% (10/93)   Compressing objects:  11% (11/93)   Compressing objects:  12% (12/93)   Compressing objects:  13% (13/93)   Compressing objects:  15% (14/93)   Compressing objects:  16% (15/93)   Compressing objects:  17% (16/93)   Compressing objects:  18% (17/93)   Compressing objects:  19% (18/93)   Compressing objects:  20% (19/93)   Compressing objects:  21% (20/93)   Compressing objects:  22% (21/93)   Compressing objects:  23% (22/93)   Compressing objects:  24% (23/93)   Compressing objects:  25% (24/93)   Compressing objects:  26% (25/93)   Compressing objects:  27% (26/93)   Compressing objects:  29% (27/93)   Compressing objects:  30% (28/93)   Compressing objects:  31% (29/93)   Compressing objects:  32% (30/93)   Compressing objects:  33% (31/93)   Compressing objects:  34% (32/93)   Compressing objects:  35% (33/93)   Compressing objects:  36% (34/93)   Compressing objects:  37% (35/93)   Compressing objects:  38% (36/93)   Compressing objects:  39% (37/93)   Compressing objects:  40% (38/93)   Compressing objects:  41% (39/93)   Compressing objects:  43% (40/93)   Compressing objects:  44% (41/93)   Compressing objects:  45% (42/93)   Compressing objects:  46% (43/93)   Compressing objects:  47% (44/93)   Compressing objects:  48% (45/93)   Compressing objects:  49% (46/93)   Compressing objects:  50% (47/93)   Compressing objects:  51% (48/93)   Compressing objects:  52% (49/93)   Compressing objects:  53% (50/93)   Compressing objects:  54% (51/93)   Compressing objects:  55% (52/93)   Compressing objects:  56% (53/93)   Compressing objects:  58% (54/93)   Compressing objects:  59% (55/93)   Compressing objects:  60% (56/93)   Compressing objects:  61% (57/93)   Compressing objects:  62% (58/93)   Compressing objects:  63% (59/93)   Compressing objects:  64% (60/93)   Compressing objects:  65% (61/93)   Compressing objects:  66% (62/93)   Compressing objects:  67% (63/93)   Compressing objects:  68% (64/93)   Compressing objects:  69% (65/93)   Compressing objects:  70% (66/93)   Compressing objects:  72% (67/93)   Compressing objects:  73% (68/93)   Compressing objects:  74% (69/93)   Compressing objects:  75% (70/93)   Compressing objects:  76% (71/93)   Compressing objects:  77% (72/93)   Compressing objects:  78% (73/93)   Compressing objects:  79% (74/93)   Compressing objects:  80% (75/93)   Compressing objects:  81% (76/93)   Compressing objects:  82% (77/93)   Compressing objects:  83% (78/93)   Compressing objects:  84% (79/93)   Compressing objects:  86% (80/93)   Compressing objects:  87% (81/93)   Compressing objects:  88% (82/93)   Compressing objects:  89% (83/93)   Compressing objects:  90% (84/93)   Compressing objects:  91% (85/93)   Compressing objects:  92% (86/93)   Compressing objects:  93% (87/93)   Compressing objects:  94% (88/93)   Compressing objects:  95% (89/93)   Compressing objects:  96% (90/93)   Compressing objects:  97% (91/93)   Compressing objects:  98% (92/93)   Compressing objects: 100% (93/93)   Compressing objects: 100% (93/93), done.
Writing objects:   0% (1/117)   Writing objects:   1% (2/117)   Writing objects:   2% (3/117)   Writing objects:   3% (4/117)   Writing objects:   4% (5/117)   Writing objects:   5% (6/117)   Writing objects:   6% (8/117)   Writing objects:   7% (9/117)   Writing objects:   8% (10/117)   Writing objects:   9% (11/117)   Writing objects:  10% (12/117)   Writing objects:  11% (13/117)   Writing objects:  12% (15/117)   Writing objects:  13% (16/117)   Writing objects:  14% (17/117)   Writing objects:  15% (18/117)   Writing objects:  16% (19/117)   Writing objects:  17% (20/117)   Writing objects:  19% (23/117)   Writing objects:  20% (24/117)   Writing objects:  21% (25/117)   Writing objects:  22% (26/117)   Writing objects:  23% (27/117)   Writing objects:  24% (29/117)   Writing objects:  25% (30/117)   Writing objects:  26% (31/117)   Writing objects:  27% (32/117)   Writing objects:  28% (33/117)   Writing objects:  29% (34/117)   Writing objects:  32% (38/117)   Writing objects:  33% (39/117)   Writing objects:  34% (40/117)   Writing objects:  35% (41/117)   Writing objects:  36% (43/117)   Writing objects:  37% (44/117)   Writing objects:  38% (45/117)   Writing objects:  39% (46/117)   Writing objects:  40% (47/117)   Writing objects:  41% (48/117)   Writing objects:  42% (50/117)   Writing objects:  44% (52/117)   Writing objects:  45% (53/117)   Writing objects:  47% (55/117)   Writing objects:  48% (57/117)   Writing objects:  49% (58/117)   Writing objects:  50% (59/117)   Writing objects:  51% (60/117)   Writing objects:  52% (61/117)   Writing objects:  53% (63/117)   Writing objects:  54% (64/117)   Writing objects:  55% (65/117)   Writing objects:  56% (66/117)   Writing objects:  57% (67/117)   Writing objects:  58% (68/117)   Writing objects:  59% (70/117)   Writing objects:  60% (71/117)   Writing objects:  61% (72/117)   Writing objects:  62% (73/117)   Writing objects:  63% (74/117)   Writing objects:  64% (75/117)   Writing objects:  65% (77/117)   Writing objects:  66% (78/117)   Writing objects:  67% (79/117)   Writing objects:  68% (80/117)   Writing objects:  69% (81/117)   Writing objects:  70% (82/117)   Writing objects:  71% (84/117)   Writing objects:  72% (85/117)   Writing objects:  73% (86/117)   Writing objects:  74% (87/117)   Writing objects:  75% (88/117)   Writing objects:  76% (89/117)   Writing objects:  77% (91/117)   Writing objects:  78% (92/117)   Writing objects:  79% (93/117)   Writing objects:  80% (94/117)   Writing objects:  81% (95/117)   Writing objects:  82% (96/117)   Writing objects:  83% (98/117)   Writing objects:  84% (99/117)   Writing objects:  85% (100/117)   Writing objects:  86% (101/117)   Writing objects:  87% (102/117)   Writing objects:  88% (103/117)   Writing objects:  89% (105/117)   Writing objects:  90% (106/117)   Writing objects:  91% (107/117)   Writing objects:  92% (108/117)   Writing objects:  93% (109/117)   Writing objects:  94% (110/117)   Writing objects:  95% (112/117)   Writing objects:  96% (113/117)   Writing objects:  97% (114/117)   Writing objects:  98% (115/117)   Writing objects:  99% (116/117)   Writing objects: 100% (117/117)   Writing objects: 100% (117/117), 180.23 KiB | 0 bytes/s, done.
Total 117 (delta 20), reused 0 (delta 0)
remote: Resolving deltas:   0% (0/20)[Kremote: Resolving deltas:   5% (1/20)[Kremote: Resolving deltas:  10% (2/20)[Kremote: Resolving deltas:  15% (3/20)[Kremote: Resolving deltas:  25% (5/20)[Kremote: Resolving deltas:  65% (13/20)[Kremote: Resolving deltas: 100% (20/20)[Kremote: Resolving deltas: 100% (20/20), done.[K
To https://github.com/darwinanddavis/zorro
 * [new branch]      master -> master
]0;~/Documents/Melbourne Uni/Programs/blogdown_test/zorro/zorro6300L-127771-M:zorro malishev$ ls
config.toml	static
content		themes
index.Rmd	zorro.Rproj
public
]0;~/Documents/Melbourne Uni/Programs/blogdown_test/zorro/zorro6300L-127771-M:zorro malishev$ git add .
]0;~/Documents/Melbourne Uni/Programs/blogdown_test/zorro/zorro6300L-127771-M:zorro malishev$ git push[K[K[K[Kcommit -m '' [A[C[C[C[C[C[C[C[C[C[C[C[C[C[C[C[C[C[C[C[C[C[C[C[C[C[C[C[C[C[C[C[C[C[C[C[C[C[C[C[C[C[C[C[C[C[Cd''e'l'e't'e'2'0'[1P'[1P' '2'0'1'5' 'f'o'l'd'e'r'
[master c16999f] delete 2015 folder
 12 files changed, 168 insertions(+), 16 deletions(-)
 create mode 100644 .Rproj.user/ABE7B653/sources/prop/7A29C853
 create mode 100644 .Rproj.user/ABE7B653/sources/prop/EAAA5AC
 create mode 100644 .Rproj.user/ABE7B653/sources/s-D0BDBB21/F5C8BC4E
 create mode 100644 .Rproj.user/ABE7B653/sources/s-D0BDBB21/F5C8BC4E-contents
 create mode 100644 .Rproj.user/shared/notebooks/62AC4EAF-index/1/ABE7B653D0BDBB21/chunks.json
 create mode 100644 .Rproj.user/shared/notebooks/62AC4EAF-index/1/s/chunks.json
 create mode 100644 .Rproj.user/shared/notebooks/paths
]0;~/Documents/Melbourne Uni/Programs/blogdown_test/zorro/zorro6300L-127771-M:zorro malishev$ git push[K[K[K[Kremoe [K[Kte --v
origin	https://github.com/darwinanddavis/zorro (fetch)
origin	https://github.com/darwinanddavis/zorro (push)
]0;~/Documents/Melbourne Uni/Programs/blogdown_test/zorro/zorro6300L-127771-M:zorro malishev$ git push
fatal: The current branch master has no upstream branch.
To push the current branch and set the remote as upstream, use

    git push --set-upstream origin master

]0;~/Documents/Melbourne Uni/Programs/blogdown_test/zorro/zorro6300L-127771-M:zorro malishev$ git push --setup [A[C[C[C[C[C[C[C[C[C[C[C[C[C[C[C[C[C[C[C[C[C[C[C[C[C[C[C[C[C[C[C[C[C[C[C[C[C[C[C[C[C[C[C[C[C[C[K
[K[A[C[C[C[C[C[C[C[C[C[C[C[C[C[C[C[C[C[C[C[C[C[C[C[C[C[C[C[C[C[C[C[C[C[C[C[C[C[C[C[C[C[C[C[C[C[C[K u pstr[K[K[K[K[A[C[C[C[C[C[C[C[C[C[C[C[C[C[C[C[C[C[C[C[C[C[C[C[C[C[C[C[C[C[C[C[C[C[C[C[C[C[C[C[C[C[C[C[C[C[C[K
[K[A[C[C[C[C[C[C[C[C[C[C[C[C[C[C[C[C[C[C[C[C[C[C[C[C[C[C[C[C[C[C[C[C[C[C[C[C[C[C[C[C[C[C[C[C[C[C[K-u pstream origin master
Counting objects: 23, done.
Delta compression using up to 4 threads.
Compressing objects:   5% (1/20)   Compressing objects:  10% (2/20)   Compressing objects:  15% (3/20)   Compressing objects:  20% (4/20)   Compressing objects:  25% (5/20)   Compressing objects:  30% (6/20)   Compressing objects:  35% (7/20)   Compressing objects:  40% (8/20)   Compressing objects:  45% (9/20)   Compressing objects:  50% (10/20)   Compressing objects:  55% (11/20)   Compressing objects:  60% (12/20)   Compressing objects:  65% (13/20)   Compressing objects:  70% (14/20)   Compressing objects:  75% (15/20)   Compressing objects:  80% (16/20)   Compressing objects:  85% (17/20)   Compressing objects:  90% (18/20)   Compressing objects:  95% (19/20)   Compressing objects: 100% (20/20)   Compressing objects: 100% (20/20), done.
Writing objects:   4% (1/23)   Writing objects:   8% (2/23)   Writing objects:  13% (3/23)   Writing objects:  17% (4/23)   Writing objects:  21% (5/23)   Writing objects:  26% (6/23)   Writing objects:  30% (7/23)   Writing objects:  34% (8/23)   Writing objects:  39% (9/23)   Writing objects:  43% (10/23)   Writing objects:  47% (11/23)   Writing objects:  52% (12/23)   Writing objects:  60% (14/23)   Writing objects:  65% (15/23)   Writing objects:  69% (16/23)   Writing objects:  73% (17/23)   Writing objects:  78% (18/23)   Writing objects:  82% (19/23)   Writing objects:  86% (20/23)   Writing objects:  91% (21/23)   Writing objects:  95% (22/23)   Writing objects: 100% (23/23)   Writing objects: 100% (23/23), 4.81 KiB | 0 bytes/s, done.
Total 23 (delta 4), reused 0 (delta 0)
remote: Resolving deltas:   0% (0/4)[Kremote: Resolving deltas:  25% (1/4)[Kremote: Resolving deltas:  50% (2/4)[Kremote: Resolving deltas: 100% (4/4)[Kremote: Resolving deltas: 100% (4/4), completed with 2 local objects.[K
To https://github.com/darwinanddavis/zorro
   3279c00..c16999f  master -> master
Branch master set up to track remote branch master from origin.
]0;~/Documents/Melbourne Uni/Programs/blogdown_test/zorro/zorro6300L-127771-M:zorro malishev$ open [K[K[K[K[Ktouch netfli[K[K[Klify.to ml
]0;~/Documents/Melbourne Uni/Programs/blogdown_test/zorro/zorro6300L-127771-M:zorro malishev$ open netlify.tomll 
No application knows how to open /Users/malishev/Documents/Melbourne Uni/Programs/blogdown_test/zorro/zorro/netlify.toml.
]0;~/Documents/Melbourne Uni/Programs/blogdown_test/zorro/zorro6300L-127771-M:zorro malishev$ git add [K[K[K[K[K[K[K[Kpwd
/Users/malishev/Documents/Melbourne Uni/Programs/blogdown_test/zorro/zorro
]0;~/Documents/Melbourne Uni/Programs/blogdown_test/zorro/zorro6300L-127771-M:zorro malishev$ git add .
]0;~/Documents/Melbourne Uni/Programs/blogdown_test/zorro/zorro6300L-127771-M:zorro malishev$ got [K[K[Kit commit -m '' [A[C[C[C[C[C[C[C[C[C[C[C[C[C[C[C[C[C[C[C[C[C[C[C[C[C[C[C[C[C[C[C[C[C[C[C[C[C[C[C[C[C[C[C[C[C[Cc''r't' 'n'e't'l'f'y'[1P'[1P'[1P'l'i'y'.'t'o'm'l'
[master 32a44a7] crt netliy.toml
 9 files changed, 78 insertions(+), 15 deletions(-)
 create mode 100644 .Rproj.user/ABE7B653/sources/prop/B60437BF
 rename .Rproj.user/ABE7B653/sources/s-D0BDBB21/{F5C8BC4E => 3C618758} (51%)
 create mode 100644 .Rproj.user/ABE7B653/sources/s-D0BDBB21/3C618758-contents
 delete mode 100644 .Rproj.user/shared/notebooks/62AC4EAF-index/1/ABE7B653D0BDBB21/chunks.json
 create mode 100644 netlify.toml
]0;~/Documents/Melbourne Uni/Programs/blogdown_test/zorro/zorro6300L-127771-M:zorro malishev$ git push
Counting objects: 19, done.
Delta compression using up to 4 threads.
Compressing objects:   6% (1/16)   Compressing objects:  12% (2/16)   Compressing objects:  18% (3/16)   Compressing objects:  25% (4/16)   Compressing objects:  31% (5/16)   Compressing objects:  37% (6/16)   Compressing objects:  43% (7/16)   Compressing objects:  50% (8/16)   Compressing objects:  56% (9/16)   Compressing objects:  62% (10/16)   Compressing objects:  68% (11/16)   Compressing objects:  75% (12/16)   Compressing objects:  81% (13/16)   Compressing objects:  87% (14/16)   Compressing objects:  93% (15/16)   Compressing objects: 100% (16/16)   Compressing objects: 100% (16/16), done.
Writing objects:   5% (1/19)   Writing objects:  10% (2/19)   Writing objects:  15% (3/19)   Writing objects:  21% (4/19)   Writing objects:  26% (5/19)   Writing objects:  31% (6/19)   Writing objects:  36% (7/19)   Writing objects:  42% (8/19)   Writing objects:  47% (9/19)   Writing objects:  52% (10/19)   Writing objects:  57% (11/19)   Writing objects:  63% (12/19)   Writing objects:  68% (13/19)   Writing objects:  73% (14/19)   Writing objects:  78% (15/19)   Writing objects:  84% (16/19)   Writing objects:  89% (17/19)   Writing objects:  94% (18/19)   Writing objects: 100% (19/19)   Writing objects: 100% (19/19), 2.86 KiB | 0 bytes/s, done.
Total 19 (delta 5), reused 0 (delta 0)
remote: Resolving deltas:   0% (0/5)[Kremote: Resolving deltas:  20% (1/5)[Kremote: Resolving deltas:  40% (2/5)[Kremote: Resolving deltas:  60% (3/5)[Kremote: Resolving deltas:  80% (4/5)[Kremote: Resolving deltas: 100% (5/5)[Kremote: Resolving deltas: 100% (5/5), completed with 5 local objects.[K
To https://github.com/darwinanddavis/zorro
   c16999f..32a44a7  master -> master
]0;~/Documents/Melbourne Uni/Programs/blogdown_test/zorro/zorro6300L-127771-M:zorro malishev$ open .gitignore. [A[C[C[C[C[C[C[C[C[C[C[C[C[C[C[C[C[C[C[C[C[C[C[C[C[C[C[C[C[C[C[C[C[C[C[C[C[C[C[C[C[C[C[C[C[C[C[K
[K[A[C[C[C[C[C[C[C[C[C[C[C[C[C[C[C[C[C[C[C[C[C[C[C[C[C[C[C[C[C[C[C[C[C[C[C[C[C[C[C[C[C[C[C[C[C[C
The file /Users/malishev/Documents/Melbourne Uni/Programs/blogdown_test/zorro/zorro/.gitignore does not exist.
]0;~/Documents/Melbourne Uni/Programs/blogdown_test/zorro/zorro6300L-127771-M:zorro malishev$ touch g[K[K.[K .gitignore [A[C[C[C[C[C[C[C[C[C[C[C[C[C[C[C[C[C[C[C[C[C[C[C[C[C[C[C[C[C[C[C[C[C[C[C[C[C[C[C[C[C[C[C[C[C[C[Ke
]0;~/Documents/Melbourne Uni/Programs/blogdown_test/zorro/zorro6300L-127771-M:zorro malishev$ open .gitignore  [A[C[C[C[C[C[C[C[C[C[C[C[C[C[C[C[C[C[C[C[C[C[C[C[C[C[C[C[C[C[C[C[C[C[C[C[C[C[C[C[C[C[C[C[C[C[C[K 
]0;~/Documents/Melbourne Uni/Programs/blogdown_test/zorro/zorro6300L-127771-M:zorro malishev$ gt a[K[K[K[K [Kgit add .
